
****** Vitis HLS - High-Level Synthesis from C, C++ and OpenCL v2024.2 (64-bit)
  **** SW Build 5238294 on Nov  8 2024
  **** IP Build 5239520 on Sun Nov 10 16:12:51 MST 2024
  **** SharedData Build 5239561 on Fri Nov 08 14:39:27 MST 2024
  **** Start of session at: Wed Aug 19 07:24:10 2026
    ** Copyright 1986-2022 Xilinx, Inc. All Rights Reserved.
    ** Copyright 2022-2024 Advanced Micro Devices, Inc. All Rights Reserved.

source C:/Xilinx/Vitis/2024.2/scripts/vitis_hls/hls.tcl -notrace
INFO: [HLS 200-10] For user 'kccistc' on host 'desktop-7cfq9nd' (Windows NT_amd64 version 10.0) on Wed Aug 19 07:24:12 +0900 2026
INFO: [HLS 200-10] In directory 'C:/Users/kccistc/Documents/final_project/hls/arty_96_classifier/conv0_engine'
WARNING: [HLS 200-2053] The vitis_hls executable is deprecated. Consider using vitis-run --mode hls --tcl
Sourcing Tcl script 'run_hls.tcl'
INFO: [HLS 200-1510] Running: open_project -reset conv0_engine_prj 
INFO: [HLS 200-10] Opening and resetting project 'C:/Users/kccistc/Documents/final_project/hls/arty_96_classifier/conv0_engine/conv0_engine_prj'.
INFO: [HLS 200-1510] Running: add_files C:/Users/kccistc/Documents/final_project/hls/arty_96_classifier/conv0_engine/HW/conv0_engine.cpp 
INFO: [HLS 200-10] Adding design file 'C:/Users/kccistc/Documents/final_project/hls/arty_96_classifier/conv0_engine/HW/conv0_engine.cpp' to the project
INFO: [HLS 200-1510] Running: add_files -tb C:/Users/kccistc/Documents/final_project/hls/arty_96_classifier/conv0_engine/HW/conv0_engine_tb.cpp 
INFO: [HLS 200-10] Adding test bench file 'C:/Users/kccistc/Documents/final_project/hls/arty_96_classifier/conv0_engine/HW/conv0_engine_tb.cpp' to the project
INFO: [HLS 200-1510] Running: set_top conv0_engine 
INFO: [HLS 200-1510] Running: open_solution -reset solution1 
INFO: [HLS 200-10] Creating and opening solution 'C:/Users/kccistc/Documents/final_project/hls/arty_96_classifier/conv0_engine/conv0_engine_prj/solution1'.
INFO: [HLS 200-10] Cleaning up the solution database.
INFO: [HLS 200-1505] Using default flow_target 'vivado'
Resolution: For help on HLS 200-1505 see docs.xilinx.com/access/sources/dita/topic?Doc_Version=2024.2%20English&url=ug1448-hls-guidance&resourceid=200-1505.html
INFO: [HLS 200-1510] Running: set_part xc7z020clg400-1 
INFO: [HLS 200-1611] Setting target device to 'xc7z020-clg400-1'
INFO: [HLS 200-1510] Running: create_clock -period 10.0 -name default 
INFO: [SYN 201-201] Setting up clock 'default' with a period of 10ns.
INFO: [HLS 200-1510] Running: set_clock_uncertainty 2.7 
INFO: [SYN 201-201] Setting up clock 'default' with an uncertainty of 2.7ns.

==> C Simulation - 5개 형상이 각각 PASS 하고 마지막에 "CLASSIFIER CONV0 SUITE PASS" 가 나와야 합니다.
INFO: [HLS 200-1510] Running: csim_design 
INFO: [SIM 211-2] *************** CSIM start ***************
INFO: [SIM 211-4] CSIM will launch CLANG as the compiler.
INFO: [HLS 200-2036] Building debug C Simulation binaries
   Compiling ../../../../HW/conv0_engine_tb.cpp in debug mode
   Compiling ../../../../HW/conv0_engine.cpp in debug mode
   Generating csim.exe
In file included from ../../../../HW/conv0_engine_tb.cpp:30:
In file included from ../../../../HW/conv0_engine.h:4:
In file included from C:/Xilinx/Vitis/2024.2/include/ap_int.h:10:
In file included from C:/Xilinx/Vitis/2024.2/include/etc/ap_common.h:658:
In file included from C:/Xilinx/Vitis/2024.2/include/etc/ap_private.h:68:
In file included from C:/Xilinx/Vitis/2024.2/include/hls_half.h:26:
In file included from C:/Xilinx/Vitis/2024.2/include/etc/hls_half_fpo.h:19:
In file included from C:/Xilinx/Vitis/2024.2/include/hls_fpo.h:140:
In file included from C:/Xilinx/Vitis/2024.2/include/floating_point_v7_1_bitacc_cmodel.h:150:
C:/Xilinx/Vitis/2024.2/include/gmp.h:58:9: warning: '__GMP_LIBGMP_DLL' macro redefined [-Wmacro-redefined]
#define __GMP_LIBGMP_DLL  0
        ^
C:/Xilinx/Vitis/2024.2/include/floating_point_v7_1_bitacc_cmodel.h:142:9: note: previous definition is here
#define __GMP_LIBGMP_DLL 1
        ^
1 warning generated.
In file included from ../../../../HW/conv0_engine.cpp:1:
In file included from ../../../../HW/conv0_engine.h:4:
In file included from C:/Xilinx/Vitis/2024.2/include/ap_int.h:10:
In file included from C:/Xilinx/Vitis/2024.2/include/etc/ap_common.h:658:
In file included from C:/Xilinx/Vitis/2024.2/include/etc/ap_private.h:68:
In file included from C:/Xilinx/Vitis/2024.2/include/hls_half.h:26:
In file included from C:/Xilinx/Vitis/2024.2/include/etc/hls_half_fpo.h:19:
In file included from C:/Xilinx/Vitis/2024.2/include/hls_fpo.h:140:
In file included from C:/Xilinx/Vitis/2024.2/include/floating_point_v7_1_bitacc_cmodel.h:150:
C:/Xilinx/Vitis/2024.2/include/gmp.h:58:9: warning: '__GMP_LIBGMP_DLL' macro redefined [-Wmacro-redefined]
#define __GMP_LIBGMP_DLL  0
        ^
C:/Xilinx/Vitis/2024.2/include/floating_point_v7_1_bitacc_cmodel.h:142:9: note: previous definition is here
#define __GMP_LIBGMP_DLL 1
        ^
1 warning generated.
[conv0: ROI 96x96 (98x98 padded)] PASS: 147456 output values matched the reference bit-exactly (pre-padded 98x98x3 -> 96x96x16, k=3, pad=0)
[conv0: ROI 64x64 (66x66 padded)] PASS: 65536 output values matched the reference bit-exactly (pre-padded 66x66x3 -> 64x64x16, k=3, pad=0)
[conv0: leaky off, 34x34] PASS: 16384 output values matched the reference bit-exactly (pre-padded 34x34x3 -> 32x32x16, k=3, pad=0)
[conv0: non-square 18x34] PASS: 8192 output values matched the reference bit-exactly (pre-padded 34x18x3 -> 32x16x16, k=3, pad=0)
[conv0: minimal 5x5] PASS: 144 output values matched the reference bit-exactly (pre-padded 5x5x3 -> 3x3x16, k=3, pad=0)
CLASSIFIER CONV0 SUITE PASS (5 shapes)
INFO: [SIM 211-1] CSim done with 0 errors.
INFO: [SIM 211-3] *************** CSIM finish ***************
INFO: [HLS 200-2161] Finished Command csim_design Elapsed time: 00:00:07; Allocated memory: 0.887 MB.

==> C Synthesis - 리포트: conv0_engine_prj/solution1/syn/report/conv0_engine_csynth.rpt 
 **DSP 를 먼저 볼 것.** 93 근처면 예상대로이고, conv_engine 과 합쳐 220 을 넘으므로 conv_engine 의 PE_OC 를 낮춰야 합니다. 93 보다 크게 낮으면 예상이 틀린 것이고 그건 좋은 소식입니다 - 어느 쪽이든 추정하지 말고 이 숫자를 쓸 것. 
 BRAM 은 MAX_IMG_W 514 -> 66 만큼 크게 줄어야 정상입니다. 안 줄었으면 행 버퍼가 이 상수에서 크기를 안 받고 있다는 뜻이니 conv0_engine.cpp 를 먼저 볼 것.
INFO: [HLS 200-1510] Running: csynth_design 
INFO: [HLS 200-111] Finished File checks and directory preparation: CPU user time: 0 seconds. CPU system time: 0 seconds. Elapsed time: 0.074 seconds; current allocated memory: 608.766 MB.
INFO: [HLS 200-10] Analyzing design file 'HW/conv0_engine.cpp' ... 
INFO: [HLS 200-111] Finished Source Code Analysis and Preprocessing: CPU user time: 0 seconds. CPU system time: 1 seconds. Elapsed time: 3.642 seconds; current allocated memory: 612.129 MB.
INFO: [HLS 200-777] Using interface defaults for 'Vivado' flow target.
INFO: [HLS 200-1995] There were 3,162 instructions in the design after the 'Compile/Link' phase of compilation. See the Design Size Report for more details: C:/Users/kccistc/Documents/final_project/hls/arty_96_classifier/conv0_engine/conv0_engine_prj/solution1/syn/report/csynth_design_size.rpt
INFO: [HLS 200-1995] There were 1,864 instructions in the design after the 'Unroll/Inline (step 1)' phase of compilation. See the Design Size Report for more details: C:/Users/kccistc/Documents/final_project/hls/arty_96_classifier/conv0_engine/conv0_engine_prj/solution1/syn/report/csynth_design_size.rpt
INFO: [HLS 200-1995] There were 1,177 instructions in the design after the 'Unroll/Inline (step 2)' phase of compilation. See the Design Size Report for more details: C:/Users/kccistc/Documents/final_project/hls/arty_96_classifier/conv0_engine/conv0_engine_prj/solution1/syn/report/csynth_design_size.rpt
INFO: [HLS 200-1995] There were 1,171 instructions in the design after the 'Unroll/Inline (step 3)' phase of compilation. See the Design Size Report for more details: C:/Users/kccistc/Documents/final_project/hls/arty_96_classifier/conv0_engine/conv0_engine_prj/solution1/syn/report/csynth_design_size.rpt
INFO: [HLS 200-1995] There were 1,138 instructions in the design after the 'Unroll/Inline (step 4)' phase of compilation. See the Design Size Report for more details: C:/Users/kccistc/Documents/final_project/hls/arty_96_classifier/conv0_engine/conv0_engine_prj/solution1/syn/report/csynth_design_size.rpt
INFO: [HLS 200-1995] There were 6,195 instructions in the design after the 'Array/Struct (step 1)' phase of compilation. See the Design Size Report for more details: C:/Users/kccistc/Documents/final_project/hls/arty_96_classifier/conv0_engine/conv0_engine_prj/solution1/syn/report/csynth_design_size.rpt
INFO: [HLS 200-1995] There were 5,208 instructions in the design after the 'Array/Struct (step 2)' phase of compilation. See the Design Size Report for more details: C:/Users/kccistc/Documents/final_project/hls/arty_96_classifier/conv0_engine/conv0_engine_prj/solution1/syn/report/csynth_design_size.rpt
INFO: [HLS 200-1995] There were 5,208 instructions in the design after the 'Array/Struct (step 3)' phase of compilation. See the Design Size Report for more details: C:/Users/kccistc/Documents/final_project/hls/arty_96_classifier/conv0_engine/conv0_engine_prj/solution1/syn/report/csynth_design_size.rpt
INFO: [HLS 200-1995] There were 5,208 instructions in the design after the 'Array/Struct (step 4)' phase of compilation. See the Design Size Report for more details: C:/Users/kccistc/Documents/final_project/hls/arty_96_classifier/conv0_engine/conv0_engine_prj/solution1/syn/report/csynth_design_size.rpt
INFO: [HLS 200-1995] There were 6,956 instructions in the design after the 'Array/Struct (step 5)' phase of compilation. See the Design Size Report for more details: C:/Users/kccistc/Documents/final_project/hls/arty_96_classifier/conv0_engine/conv0_engine_prj/solution1/syn/report/csynth_design_size.rpt
INFO: [HLS 200-1995] There were 6,892 instructions in the design after the 'Performance (step 1)' phase of compilation. See the Design Size Report for more details: C:/Users/kccistc/Documents/final_project/hls/arty_96_classifier/conv0_engine/conv0_engine_prj/solution1/syn/report/csynth_design_size.rpt
INFO: [HLS 200-1995] There were 5,148 instructions in the design after the 'Performance (step 2)' phase of compilation. See the Design Size Report for more details: C:/Users/kccistc/Documents/final_project/hls/arty_96_classifier/conv0_engine/conv0_engine_prj/solution1/syn/report/csynth_design_size.rpt
INFO: [HLS 200-1995] There were 5,146 instructions in the design after the 'Performance (step 3)' phase of compilation. See the Design Size Report for more details: C:/Users/kccistc/Documents/final_project/hls/arty_96_classifier/conv0_engine/conv0_engine_prj/solution1/syn/report/csynth_design_size.rpt
INFO: [HLS 200-1995] There were 5,146 instructions in the design after the 'Performance (step 4)' phase of compilation. See the Design Size Report for more details: C:/Users/kccistc/Documents/final_project/hls/arty_96_classifier/conv0_engine/conv0_engine_prj/solution1/syn/report/csynth_design_size.rpt
INFO: [HLS 200-1995] There were 5,192 instructions in the design after the 'HW Transforms (step 1)' phase of compilation. See the Design Size Report for more details: C:/Users/kccistc/Documents/final_project/hls/arty_96_classifier/conv0_engine/conv0_engine_prj/solution1/syn/report/csynth_design_size.rpt
INFO: [HLS 200-1995] There were 5,228 instructions in the design after the 'HW Transforms (step 2)' phase of compilation. See the Design Size Report for more details: C:/Users/kccistc/Documents/final_project/hls/arty_96_classifier/conv0_engine/conv0_engine_prj/solution1/syn/report/csynth_design_size.rpt
INFO: [HLS 214-131] Inlining function 'round_shift(ap_int<64>, ap_uint<6>)' into 'apply_activation(ap_int<32>, bool, int, unsigned int)' (HW/conv0_engine.cpp:56:21)
INFO: [HLS 214-131] Inlining function 'pack4_set(ap_uint<32>&, unsigned int, ap_int<8>)' into 'conv0_engine(ap_int<8> const*, ap_int<8> const*, ap_int<32> const*, ap_uint<32>*, unsigned short, unsigned short, int, unsigned char, unsigned char)' (HW/conv0_engine.cpp:487:2)
INFO: [HLS 214-131] Inlining function 'apply_activation(ap_int<32>, bool, int, unsigned int)' into 'conv0_engine(ap_int<8> const*, ap_int<8> const*, ap_int<32> const*, ap_uint<32>*, unsigned short, unsigned short, int, unsigned char, unsigned char)' (HW/conv0_engine.cpp:488:31)
INFO: [HLS 214-291] Loop 'INIT_ACC' is marked as complete unroll implied by the pipeline pragma (HW/conv0_engine.cpp:454:17)
INFO: [HLS 214-291] Loop 'MAC_KY' is marked as complete unroll implied by the pipeline pragma (HW/conv0_engine.cpp:463:17)
INFO: [HLS 214-291] Loop 'MAC_KX' is marked as complete unroll implied by the pipeline pragma (HW/conv0_engine.cpp:467:21)
INFO: [HLS 214-291] Loop 'MAC_IC' is marked as complete unroll implied by the pipeline pragma (HW/conv0_engine.cpp:470:25)
INFO: [HLS 214-291] Loop 'MAC_LANE' is marked as complete unroll implied by the pipeline pragma (HW/conv0_engine.cpp:474:29)
INFO: [HLS 214-291] Loop 'FINISH_PACK' is marked as complete unroll implied by the pipeline pragma (HW/conv0_engine.cpp:485:17)
INFO: [HLS 214-291] Loop 'VITIS_LOOP_266_4' is marked as complete unroll implied by the pipeline pragma (HW/conv0_engine.cpp:266:20)
INFO: [HLS 214-186] Unrolling loop 'INIT_ACC' (HW/conv0_engine.cpp:454:17) in function 'conv0_engine' completely with a factor of 4 (HW/conv0_engine.cpp:120:0)
INFO: [HLS 214-186] Unrolling loop 'MAC_KY' (HW/conv0_engine.cpp:463:17) in function 'conv0_engine' completely with a factor of 3 (HW/conv0_engine.cpp:120:0)
INFO: [HLS 214-186] Unrolling loop 'MAC_KX' (HW/conv0_engine.cpp:467:21) in function 'conv0_engine' completely with a factor of 3 (HW/conv0_engine.cpp:120:0)
INFO: [HLS 214-186] Unrolling loop 'MAC_IC' (HW/conv0_engine.cpp:470:25) in function 'conv0_engine' completely with a factor of 3 (HW/conv0_engine.cpp:120:0)
INFO: [HLS 214-186] Unrolling loop 'MAC_LANE' (HW/conv0_engine.cpp:474:29) in function 'conv0_engine' completely with a factor of 4 (HW/conv0_engine.cpp:120:0)
INFO: [HLS 214-186] Unrolling loop 'FINISH_PACK' (HW/conv0_engine.cpp:485:17) in function 'conv0_engine' completely with a factor of 4 (HW/conv0_engine.cpp:120:0)
INFO: [HLS 214-186] Unrolling loop 'VITIS_LOOP_266_4' (HW/conv0_engine.cpp:266:20) in function 'conv0_engine' completely with a factor of 3 (HW/conv0_engine.cpp:120:0)
INFO: [HLS 214-178] Inlining function 'saturate(ap_int<64>)' into 'conv0_engine(ap_int<8> const*, ap_int<8> const*, ap_int<32> const*, ap_uint<32>*, unsigned short, unsigned short, int, unsigned char, unsigned char)' (HW/conv0_engine.cpp:120:0)
INFO: [HLS 214-248] Applying array_partition to '_ZZ12conv0_enginePK6ap_intILi8EES2_PKS_ILi32EEP7ap_uintILi32EEttihhE7row_buf': Complete partitioning on dimension 1. Cyclic partitioning with factor 3 on dimension 2. Complete partitioning on dimension 3. (HW/conv0_engine.cpp:239:0)
INFO: [HLS 214-248] Applying array_partition to 'wbuf': Complete partitioning on dimension 1. Complete partitioning on dimension 2. Complete partitioning on dimension 3. Complete partitioning on dimension 4. (HW/conv0_engine.cpp:212:14)
INFO: [HLS 214-248] Applying array_partition to 'bbuf': Complete partitioning on dimension 1. (HW/conv0_engine.cpp:213:12)
INFO: [HLS 214-115] Multiple burst reads of length 16 and bit width 32 in loop 'LOAD_B'(HW/conv0_engine.cpp:230:5) has been inferred on bundle 'RD_BUS'. These burst requests might be further partitioned into multiple requests during RTL generation, based on max_read_burst_length or max_write_burst_length settings. (HW/conv0_engine.cpp:230:5)
INFO: [HLS 214-115] Multiple burst writes of variable length and bit width 32 in loop 'WRITE_ROW'(HW/conv0_engine.cpp:548:9) has been inferred on bundle 'WR_BUS'. These burst requests might be further partitioned into multiple requests during RTL generation, based on max_read_burst_length or max_write_burst_length settings. (HW/conv0_engine.cpp:548:9)
INFO: [HLS 200-111] Finished Compiling Optimization and Transform: CPU user time: 1 seconds. CPU system time: 0 seconds. Elapsed time: 8.006 seconds; current allocated memory: 614.773 MB.
INFO: [HLS 200-111] Finished Checking Pragmas: CPU user time: 0 seconds. CPU system time: 0 seconds. Elapsed time: 0.003 seconds; current allocated memory: 614.773 MB.
INFO: [HLS 200-10] Starting code transformations ...
INFO: [HLS 200-111] Finished Standard Transforms: CPU user time: 0 seconds. CPU system time: 0 seconds. Elapsed time: 0.612 seconds; current allocated memory: 637.207 MB.
INFO: [HLS 200-10] Checking synthesizability ...
INFO: [HLS 200-111] Finished Checking Synthesizability: CPU user time: 1 seconds. CPU system time: 0 seconds. Elapsed time: 0.433 seconds; current allocated memory: 643.703 MB.
INFO: [XFORM 203-401] Performing if-conversion on hyperblock from (HW/conv0_engine.cpp:433:9) to (HW/conv0_engine.cpp:397:13) in function 'conv0_engine'... converting 25 basic blocks.
INFO: [XFORM 203-11] Balancing expressions in function 'conv0_engine' (HW/conv0_engine.cpp:113:23)...219 expression(s) balanced.
INFO: [HLS 200-111] Finished Loop, function and other optimizations: CPU user time: 3 seconds. CPU system time: 0 seconds. Elapsed time: 3.041 seconds; current allocated memory: 695.137 MB.
INFO: [HLS 200-2061] Successfully converted nested loops 'VITIS_LOOP_220_2'(HW/conv0_engine.cpp:220:31) and 'VITIS_LOOP_221_3'(HW/conv0_engine.cpp:221:35) in function 'conv0_engine' into perfectly nested loops.
INFO: [HLS 200-2061] Successfully converted nested loops 'VITIS_LOOP_219_1'(HW/conv0_engine.cpp:219:27) and 'VITIS_LOOP_220_2'(HW/conv0_engine.cpp:220:31) in function 'conv0_engine' into perfectly nested loops.
INFO: [HLS 200-2061] Successfully converted nested loops 'LOAD_W'(HW/conv0_engine.cpp:218:5) and 'VITIS_LOOP_219_1'(HW/conv0_engine.cpp:219:27) in function 'conv0_engine' into perfectly nested loops.
INFO: [HLS 200-2061] Successfully converted nested loops 'PROLOGUE_ROWS'(HW/conv0_engine.cpp:261:5) and 'PROLOGUE_COLS'(HW/conv0_engine.cpp:263:9) in function 'conv0_engine' into perfectly nested loops.
INFO: [XFORM 203-541] Flattening a loop nest 'VITIS_LOOP_220_2' (HW/conv0_engine.cpp:220:31) in function 'conv0_engine'.
INFO: [XFORM 203-541] Flattening a loop nest 'VITIS_LOOP_219_1' (HW/conv0_engine.cpp:219:27) in function 'conv0_engine'.
INFO: [XFORM 203-541] Flattening a loop nest 'LOAD_W' (HW/conv0_engine.cpp:218:5) in function 'conv0_engine'.
INFO: [XFORM 203-541] Flattening a loop nest 'PROLOGUE_ROWS' (HW/conv0_engine.cpp:261:5) in function 'conv0_engine'.
INFO: [HLS 200-111] Finished Architecture Synthesis: CPU user time: 3 seconds. CPU system time: 0 seconds. Elapsed time: 3.178 seconds; current allocated memory: 743.738 MB.
INFO: [HLS 200-10] Starting hardware synthesis ...
INFO: [HLS 200-10] Synthesizing 'conv0_engine' ...
INFO: [HLS 200-10] ----------------------------------------------------------------
INFO: [HLS 200-42] -- Implementing module 'conv0_engine_Pipeline_LOAD_W_VITIS_LOOP_219_1_VITIS_LOOP_220_2_VITIS_LOOP_221_3' 
INFO: [HLS 200-10] ----------------------------------------------------------------
INFO: [SCHED 204-11] Starting scheduling ...
INFO: [HLS 200-486] Changing DSP latency (root=add_ln223_2) to 3 in order to utilize available DSP registers.
INFO: [SCHED 204-61] Pipelining loop 'LOAD_W_VITIS_LOOP_219_1_VITIS_LOOP_220_2_VITIS_LOOP_221_3'.
INFO: [HLS 200-1470] Pipelining result : Target II = 1, Final II = 1, Depth = 15, loop 'LOAD_W_VITIS_LOOP_219_1_VITIS_LOOP_220_2_VITIS_LOOP_221_3'
INFO: [SCHED 204-11] Finished scheduling.
INFO: [HLS 200-111] Finished Scheduling: CPU user time: 2 seconds. CPU system time: 0 seconds. Elapsed time: 2.318 seconds; current allocated memory: 775.922 MB.
INFO: [BIND 205-100] Starting micro-architecture generation ...
INFO: [BIND 205-101] Performing variable lifetime analysis.
INFO: [BIND 205-101] Exploring resource sharing.
INFO: [BIND 205-101] Binding ...
INFO: [BIND 205-100] Finished micro-architecture generation.
INFO: [HLS 200-111] Finished Binding: CPU user time: 0 seconds. CPU system time: 0 seconds. Elapsed time: 0.514 seconds; current allocated memory: 776.938 MB.
INFO: [HLS 200-10] ----------------------------------------------------------------
INFO: [HLS 200-42] -- Implementing module 'conv0_engine_Pipeline_LOAD_B' 
INFO: [HLS 200-10] ----------------------------------------------------------------
INFO: [SCHED 204-11] Starting scheduling ...
INFO: [SCHED 204-61] Pipelining loop 'LOAD_B'.
INFO: [HLS 200-1470] Pipelining result : Target II = 1, Final II = 1, Depth = 2, loop 'LOAD_B'
INFO: [SCHED 204-11] Finished scheduling.
INFO: [HLS 200-111] Finished Scheduling: CPU user time: 1 seconds. CPU system time: 0 seconds. Elapsed time: 0.445 seconds; current allocated memory: 777.000 MB.
INFO: [BIND 205-100] Starting micro-architecture generation ...
INFO: [BIND 205-101] Performing variable lifetime analysis.
INFO: [BIND 205-101] Exploring resource sharing.
INFO: [BIND 205-101] Binding ...
INFO: [BIND 205-100] Finished micro-architecture generation.
INFO: [HLS 200-111] Finished Binding: CPU user time: 0 seconds. CPU system time: 0 seconds. Elapsed time: 0.069 seconds; current allocated memory: 777.023 MB.
INFO: [HLS 200-10] ----------------------------------------------------------------
INFO: [HLS 200-42] -- Implementing module 'conv0_engine_Pipeline_PROLOGUE_ROWS_PROLOGUE_COLS' 
INFO: [HLS 200-10] ----------------------------------------------------------------
INFO: [SCHED 204-11] Starting scheduling ...
INFO: [SCHED 204-61] Pipelining loop 'PROLOGUE_ROWS_PROLOGUE_COLS'.
WARNING: [HLS 200-885] The II Violation in module 'conv0_engine_Pipeline_PROLOGUE_ROWS_PROLOGUE_COLS' (loop 'PROLOGUE_ROWS_PROLOGUE_COLS'): Unable to schedule bus request operation ('RD_BUS_load_1_req', HW/conv0_engine.cpp:268) on port 'RD_BUS' (HW/conv0_engine.cpp:268) due to limited memory ports (II = 1). Please consider using a memory core with more ports or partitioning the array.
Resolution: For help on HLS 200-885 see docs.xilinx.com/access/sources/dita/topic?Doc_Version=2024.2%20English&url=ug1448-hls-guidance&resourceid=200-885.html
WARNING: [HLS 200-885] The II Violation in module 'conv0_engine_Pipeline_PROLOGUE_ROWS_PROLOGUE_COLS' (loop 'PROLOGUE_ROWS_PROLOGUE_COLS'): Unable to schedule bus request operation ('RD_BUS_load_2_req', HW/conv0_engine.cpp:268) on port 'RD_BUS' (HW/conv0_engine.cpp:268) due to limited memory ports (II = 2). Please consider using a memory core with more ports or partitioning the array.
Resolution: For help on HLS 200-885 see docs.xilinx.com/access/sources/dita/topic?Doc_Version=2024.2%20English&url=ug1448-hls-guidance&resourceid=200-885.html
INFO: [HLS 200-1470] Pipelining result : Target II = 1, Final II = 3, Depth = 23, loop 'PROLOGUE_ROWS_PROLOGUE_COLS'
INFO: [SCHED 204-11] Finished scheduling.
INFO: [HLS 200-111] Finished Scheduling: CPU user time: 0 seconds. CPU system time: 0 seconds. Elapsed time: 0.225 seconds; current allocated memory: 777.137 MB.
INFO: [BIND 205-100] Starting micro-architecture generation ...
INFO: [BIND 205-101] Performing variable lifetime analysis.
INFO: [BIND 205-101] Exploring resource sharing.
INFO: [BIND 205-101] Binding ...
INFO: [BIND 205-100] Finished micro-architecture generation.
INFO: [HLS 200-111] Finished Binding: CPU user time: 0 seconds. CPU system time: 0 seconds. Elapsed time: 0.115 seconds; current allocated memory: 777.172 MB.
INFO: [HLS 200-10] ----------------------------------------------------------------
INFO: [HLS 200-42] -- Implementing module 'conv0_engine_Pipeline_READ_ROW' 
INFO: [HLS 200-10] ----------------------------------------------------------------
INFO: [SCHED 204-11] Starting scheduling ...
INFO: [SCHED 204-61] Pipelining loop 'READ_ROW'.
INFO: [SCHED 204-61] Discarding stage scheduling solution.
INFO: [HLS 200-1470] Pipelining result : Target II = 1, Final II = 1, Depth = 38, loop 'READ_ROW'
INFO: [SCHED 204-11] Finished scheduling.
INFO: [HLS 200-111] Finished Scheduling: CPU user time: 0 seconds. CPU system time: 0 seconds. Elapsed time: 0.301 seconds; current allocated memory: 777.363 MB.
INFO: [BIND 205-100] Starting micro-architecture generation ...
INFO: [BIND 205-101] Performing variable lifetime analysis.
INFO: [BIND 205-101] Exploring resource sharing.
INFO: [BIND 205-101] Binding ...
INFO: [BIND 205-100] Finished micro-architecture generation.
INFO: [HLS 200-111] Finished Binding: CPU user time: 0 seconds. CPU system time: 0 seconds. Elapsed time: 0.151 seconds; current allocated memory: 777.371 MB.
INFO: [HLS 200-10] ----------------------------------------------------------------
INFO: [HLS 200-42] -- Implementing module 'conv0_engine_Pipeline_COL_GROUP' 
INFO: [HLS 200-10] ----------------------------------------------------------------
INFO: [SCHED 204-11] Starting scheduling ...
INFO: [HLS 200-486] Changing DSP latency (root=add_ln476_103) to 3 in order to utilize available DSP registers.
INFO: [HLS 200-486] Changing DSP latency (root=add_ln476_102) to 3 in order to utilize available DSP registers.
INFO: [HLS 200-486] Changing DSP latency (root=add_ln476_101) to 3 in order to utilize available DSP registers.
INFO: [HLS 200-486] Changing DSP latency (root=add_ln476_100) to 3 in order to utilize available DSP registers.
INFO: [HLS 200-486] Changing DSP latency (root=add_ln476_97) to 3 in order to utilize available DSP registers.
INFO: [HLS 200-486] Changing DSP latency (root=add_ln476_96) to 3 in order to utilize available DSP registers.
INFO: [HLS 200-486] Changing DSP latency (root=add_ln476_95) to 3 in order to utilize available DSP registers.
INFO: [HLS 200-486] Changing DSP latency (root=add_ln476_94) to 3 in order to utilize available DSP registers.
INFO: [HLS 200-486] Changing DSP latency (root=add_ln476_90) to 3 in order to utilize available DSP registers.
INFO: [HLS 200-486] Changing DSP latency (root=add_ln476_89) to 3 in order to utilize available DSP registers.
INFO: [HLS 200-486] Changing DSP latency (root=add_ln476_88) to 3 in order to utilize available DSP registers.
INFO: [HLS 200-486] Changing DSP latency (root=add_ln476_87) to 3 in order to utilize available DSP registers.
INFO: [HLS 200-486] Changing DSP latency (root=add_ln476_84) to 3 in order to utilize available DSP registers.
INFO: [HLS 200-486] Changing DSP latency (root=add_ln476_83) to 3 in order to utilize available DSP registers.
INFO: [HLS 200-486] Changing DSP latency (root=add_ln476_81) to 3 in order to utilize available DSP registers.
INFO: [HLS 200-486] Changing DSP latency (root=add_ln476_76) to 3 in order to utilize available DSP registers.
INFO: [HLS 200-486] Changing DSP latency (root=add_ln476_75) to 3 in order to utilize available DSP registers.
INFO: [HLS 200-486] Changing DSP latency (root=add_ln476_74) to 3 in order to utilize available DSP registers.
INFO: [HLS 200-486] Changing DSP latency (root=add_ln476_73) to 3 in order to utilize available DSP registers.
INFO: [HLS 200-486] Changing DSP latency (root=add_ln476_70) to 3 in order to utilize available DSP registers.
INFO: [HLS 200-486] Changing DSP latency (root=add_ln476_69) to 3 in order to utilize available DSP registers.
INFO: [HLS 200-486] Changing DSP latency (root=add_ln476_68) to 3 in order to utilize available DSP registers.
INFO: [HLS 200-486] Changing DSP latency (root=add_ln476_67) to 3 in order to utilize available DSP registers.
INFO: [HLS 200-486] Changing DSP latency (root=add_ln476_63) to 3 in order to utilize available DSP registers.
INFO: [HLS 200-486] Changing DSP latency (root=add_ln476_62) to 3 in order to utilize available DSP registers.
INFO: [HLS 200-486] Changing DSP latency (root=add_ln476_61) to 3 in order to utilize available DSP registers.
INFO: [HLS 200-486] Changing DSP latency (root=add_ln476_60) to 3 in order to utilize available DSP registers.
INFO: [HLS 200-486] Changing DSP latency (root=add_ln476_57) to 3 in order to utilize available DSP registers.
INFO: [HLS 200-486] Changing DSP latency (root=add_ln476_56) to 3 in order to utilize available DSP registers.
INFO: [HLS 200-486] Changing DSP latency (root=add_ln476_54) to 3 in order to utilize available DSP registers.
INFO: [HLS 200-486] Changing DSP latency (root=add_ln476_49) to 3 in order to utilize available DSP registers.
INFO: [HLS 200-486] Changing DSP latency (root=add_ln476_48) to 3 in order to utilize available DSP registers.
INFO: [HLS 200-486] Changing DSP latency (root=add_ln476_47) to 3 in order to utilize available DSP registers.
INFO: [HLS 200-486] Changing DSP latency (root=add_ln476_46) to 3 in order to utilize available DSP registers.
INFO: [HLS 200-486] Changing DSP latency (root=add_ln476_43) to 3 in order to utilize available DSP registers.
INFO: [HLS 200-486] Changing DSP latency (root=add_ln476_42) to 3 in order to utilize available DSP registers.
INFO: [HLS 200-486] Changing DSP latency (root=add_ln476_41) to 3 in order to utilize available DSP registers.
INFO: [HLS 200-486] Changing DSP latency (root=add_ln476_40) to 3 in order to utilize available DSP registers.
INFO: [HLS 200-486] Changing DSP latency (root=add_ln476_36) to 3 in order to utilize available DSP registers.
INFO: [HLS 200-486] Changing DSP latency (root=add_ln476_35) to 3 in order to utilize available DSP registers.
INFO: [HLS 200-486] Changing DSP latency (root=add_ln476_34) to 3 in order to utilize available DSP registers.
INFO: [HLS 200-486] Changing DSP latency (root=add_ln476_33) to 3 in order to utilize available DSP registers.
INFO: [HLS 200-486] Changing DSP latency (root=add_ln476_30) to 3 in order to utilize available DSP registers.
INFO: [HLS 200-486] Changing DSP latency (root=add_ln476_29) to 3 in order to utilize available DSP registers.
INFO: [HLS 200-486] Changing DSP latency (root=add_ln476_27) to 3 in order to utilize available DSP registers.
INFO: [HLS 200-486] Changing DSP latency (root=add_ln476_22) to 3 in order to utilize available DSP registers.
INFO: [HLS 200-486] Changing DSP latency (root=add_ln476_21) to 3 in order to utilize available DSP registers.
INFO: [HLS 200-486] Changing DSP latency (root=add_ln476_20) to 3 in order to utilize available DSP registers.
INFO: [HLS 200-486] Changing DSP latency (root=add_ln476_19) to 3 in order to utilize available DSP registers.
INFO: [HLS 200-486] Changing DSP latency (root=add_ln476_16) to 3 in order to utilize available DSP registers.
INFO: [HLS 200-486] Changing DSP latency (root=add_ln476_15) to 3 in order to utilize available DSP registers.
INFO: [HLS 200-486] Changing DSP latency (root=add_ln476_14) to 3 in order to utilize available DSP registers.
INFO: [HLS 200-486] Changing DSP latency (root=add_ln476_13) to 3 in order to utilize available DSP registers.
INFO: [HLS 200-486] Changing DSP latency (root=add_ln476_9) to 3 in order to utilize available DSP registers.
INFO: [HLS 200-486] Changing DSP latency (root=add_ln476_8) to 3 in order to utilize available DSP registers.
INFO: [HLS 200-486] Changing DSP latency (root=add_ln476_7) to 3 in order to utilize available DSP registers.
INFO: [HLS 200-486] Changing DSP latency (root=add_ln476_6) to 3 in order to utilize available DSP registers.
INFO: [HLS 200-486] Changing DSP latency (root=add_ln476_3) to 3 in order to utilize available DSP registers.
INFO: [HLS 200-486] Changing DSP latency (root=add_ln476_2) to 3 in order to utilize available DSP registers.
INFO: [HLS 200-486] Changing DSP latency (root=add_ln476) to 3 in order to utilize available DSP registers.
INFO: [SCHED 204-61] Pipelining loop 'COL_GROUP'.
INFO: [SCHED 204-61] Discarding stage scheduling solution.
INFO: [HLS 200-1470] Pipelining result : Target II = 1, Final II = 1, Depth = 30, loop 'COL_GROUP'
INFO: [SCHED 204-11] Finished scheduling.
INFO: [HLS 200-111] Finished Scheduling: CPU user time: 1 seconds. CPU system time: 0 seconds. Elapsed time: 1.882 seconds; current allocated memory: 788.820 MB.
INFO: [BIND 205-100] Starting micro-architecture generation ...
INFO: [BIND 205-101] Performing variable lifetime analysis.
INFO: [BIND 205-101] Exploring resource sharing.
INFO: [BIND 205-101] Binding ...
INFO: [BIND 205-100] Finished micro-architecture generation.
INFO: [HLS 200-111] Finished Binding: CPU user time: 0 seconds. CPU system time: 0 seconds. Elapsed time: 0.395 seconds; current allocated memory: 788.988 MB.
INFO: [HLS 200-10] ----------------------------------------------------------------
INFO: [HLS 200-42] -- Implementing module 'conv0_engine_Pipeline_WRITE_ROW' 
INFO: [HLS 200-10] ----------------------------------------------------------------
INFO: [SCHED 204-11] Starting scheduling ...
INFO: [SCHED 204-61] Pipelining loop 'WRITE_ROW'.
INFO: [HLS 200-1470] Pipelining result : Target II = 1, Final II = 1, Depth = 3, loop 'WRITE_ROW'
INFO: [SCHED 204-11] Finished scheduling.
INFO: [HLS 200-111] Finished Scheduling: CPU user time: 1 seconds. CPU system time: 0 seconds. Elapsed time: 0.463 seconds; current allocated memory: 788.988 MB.
INFO: [BIND 205-100] Starting micro-architecture generation ...
INFO: [BIND 205-101] Performing variable lifetime analysis.
INFO: [BIND 205-101] Exploring resource sharing.
INFO: [BIND 205-101] Binding ...
INFO: [BIND 205-100] Finished micro-architecture generation.
INFO: [HLS 200-111] Finished Binding: CPU user time: 0 seconds. CPU system time: 0 seconds. Elapsed time: 0.074 seconds; current allocated memory: 788.988 MB.
INFO: [HLS 200-10] ----------------------------------------------------------------
INFO: [HLS 200-42] -- Implementing module 'conv0_engine' 
INFO: [HLS 200-10] ----------------------------------------------------------------
INFO: [SCHED 204-11] Starting scheduling ...
INFO: [SCHED 204-11] Finished scheduling.
INFO: [HLS 200-111] Finished Scheduling: CPU user time: 0 seconds. CPU system time: 0 seconds. Elapsed time: 0.336 seconds; current allocated memory: 790.996 MB.
INFO: [BIND 205-100] Starting micro-architecture generation ...
INFO: [BIND 205-101] Performing variable lifetime analysis.
INFO: [BIND 205-101] Exploring resource sharing.
INFO: [BIND 205-101] Binding ...
INFO: [BIND 205-100] Finished micro-architecture generation.
INFO: [HLS 200-111] Finished Binding: CPU user time: 0 seconds. CPU system time: 0 seconds. Elapsed time: 0.411 seconds; current allocated memory: 792.059 MB.
INFO: [HLS 200-10] ----------------------------------------------------------------
INFO: [HLS 200-10] -- Generating RTL for module 'conv0_engine_Pipeline_LOAD_W_VITIS_LOOP_219_1_VITIS_LOOP_220_2_VITIS_LOOP_221_3' 
INFO: [HLS 200-10] ----------------------------------------------------------------
INFO: [HLS 200-1030] Apply Unified Pipeline Control on module 'conv0_engine_Pipeline_LOAD_W_VITIS_LOOP_219_1_VITIS_LOOP_220_2_VITIS_LOOP_221_3' pipeline 'LOAD_W_VITIS_LOOP_219_1_VITIS_LOOP_220_2_VITIS_LOOP_221_3' pipeline type 'loop pipeline'
INFO: [RTGEN 206-100] Generating core module 'mac_muladd_5ns_5ns_2ns_9_4_1': 1 instance(s).
INFO: [RTGEN 206-100] Finished creating RTL model for 'conv0_engine_Pipeline_LOAD_W_VITIS_LOOP_219_1_VITIS_LOOP_220_2_VITIS_LOOP_221_3'.
INFO: [HLS 200-111] Finished Creating RTL model: CPU user time: 2 seconds. CPU system time: 0 seconds. Elapsed time: 1.683 seconds; current allocated memory: 817.168 MB.
INFO: [HLS 200-10] ----------------------------------------------------------------
INFO: [HLS 200-10] -- Generating RTL for module 'conv0_engine_Pipeline_LOAD_B' 
INFO: [HLS 200-10] ----------------------------------------------------------------
INFO: [HLS 200-1030] Apply Unified Pipeline Control on module 'conv0_engine_Pipeline_LOAD_B' pipeline 'LOAD_B' pipeline type 'loop pipeline'
WARNING: [RTGEN 206-101] Setting dangling out port 'conv0_engine_Pipeline_LOAD_B/m_axi_RD_BUS_0_ARVALID' to 0.
WARNING: [RTGEN 206-101] Setting dangling out port 'conv0_engine_Pipeline_LOAD_B/m_axi_RD_BUS_0_ARADDR' to 0.
WARNING: [RTGEN 206-101] Setting dangling out port 'conv0_engine_Pipeline_LOAD_B/m_axi_RD_BUS_0_ARID' to 0.
WARNING: [RTGEN 206-101] Setting dangling out port 'conv0_engine_Pipeline_LOAD_B/m_axi_RD_BUS_0_ARLEN' to 0.
WARNING: [RTGEN 206-101] Setting dangling out port 'conv0_engine_Pipeline_LOAD_B/m_axi_RD_BUS_0_ARSIZE' to 0.
WARNING: [RTGEN 206-101] Setting dangling out port 'conv0_engine_Pipeline_LOAD_B/m_axi_RD_BUS_0_ARBURST' to 0.
WARNING: [RTGEN 206-101] Setting dangling out port 'conv0_engine_Pipeline_LOAD_B/m_axi_RD_BUS_0_ARLOCK' to 0.
WARNING: [RTGEN 206-101] Setting dangling out port 'conv0_engine_Pipeline_LOAD_B/m_axi_RD_BUS_0_ARCACHE' to 0.
WARNING: [RTGEN 206-101] Setting dangling out port 'conv0_engine_Pipeline_LOAD_B/m_axi_RD_BUS_0_ARPROT' to 0.
WARNING: [RTGEN 206-101] Setting dangling out port 'conv0_engine_Pipeline_LOAD_B/m_axi_RD_BUS_0_ARQOS' to 0.
WARNING: [RTGEN 206-101] Setting dangling out port 'conv0_engine_Pipeline_LOAD_B/m_axi_RD_BUS_0_ARREGION' to 0.
WARNING: [RTGEN 206-101] Setting dangling out port 'conv0_engine_Pipeline_LOAD_B/m_axi_RD_BUS_0_ARUSER' to 0.
INFO: [RTGEN 206-100] Finished creating RTL model for 'conv0_engine_Pipeline_LOAD_B'.
INFO: [HLS 200-111] Finished Creating RTL model: CPU user time: 1 seconds. CPU system time: 2 seconds. Elapsed time: 2.68 seconds; current allocated memory: 856.488 MB.
INFO: [HLS 200-10] ----------------------------------------------------------------
INFO: [HLS 200-10] -- Generating RTL for module 'conv0_engine_Pipeline_PROLOGUE_ROWS_PROLOGUE_COLS' 
INFO: [HLS 200-10] ----------------------------------------------------------------
INFO: [HLS 200-1030] Apply Unified Pipeline Control on module 'conv0_engine_Pipeline_PROLOGUE_ROWS_PROLOGUE_COLS' pipeline 'PROLOGUE_ROWS_PROLOGUE_COLS' pipeline type 'loop pipeline'
INFO: [RTGEN 206-100] Generating core module 'mul_16ns_18ns_33_1_1': 1 instance(s).
INFO: [RTGEN 206-100] Generating core module 'mul_2ns_18ns_20_1_1': 1 instance(s).
INFO: [RTGEN 206-100] Generating core module 'urem_16ns_3ns_2_20_1': 1 instance(s).
INFO: [RTGEN 206-100] Finished creating RTL model for 'conv0_engine_Pipeline_PROLOGUE_ROWS_PROLOGUE_COLS'.
INFO: [HLS 200-111] Finished Creating RTL model: CPU user time: 0 seconds. CPU system time: 0 seconds. Elapsed time: 0.33 seconds; current allocated memory: 856.488 MB.
INFO: [HLS 200-10] ----------------------------------------------------------------
INFO: [HLS 200-10] -- Generating RTL for module 'conv0_engine_Pipeline_READ_ROW' 
INFO: [HLS 200-10] ----------------------------------------------------------------
INFO: [HLS 200-1030] Apply Unified Pipeline Control on module 'conv0_engine_Pipeline_READ_ROW' pipeline 'READ_ROW' pipeline type 'loop pipeline'
INFO: [RTGEN 206-100] Generating core module 'mul_32ns_34ns_65_2_1': 1 instance(s).
INFO: [RTGEN 206-100] Generating core module 'urem_32ns_3ns_2_36_1': 1 instance(s).
INFO: [RTGEN 206-100] Finished creating RTL model for 'conv0_engine_Pipeline_READ_ROW'.
INFO: [HLS 200-111] Finished Creating RTL model: CPU user time: 0 seconds. CPU system time: 0 seconds. Elapsed time: 0.464 seconds; current allocated memory: 857.496 MB.
INFO: [HLS 200-10] ----------------------------------------------------------------
INFO: [HLS 200-10] -- Generating RTL for module 'conv0_engine_Pipeline_COL_GROUP' 
INFO: [HLS 200-10] ----------------------------------------------------------------
INFO: [HLS 200-1030] Apply Unified Pipeline Control on module 'conv0_engine_Pipeline_COL_GROUP' pipeline 'COL_GROUP' pipeline type 'loop pipeline'
INFO: [RTGEN 206-100] Generating core module 'mac_muladd_8s_8s_16s_17_4_1': 48 instance(s).
INFO: [RTGEN 206-100] Generating core module 'mac_muladd_8s_8s_17s_17_4_1': 12 instance(s).
INFO: [RTGEN 206-100] Generating core module 'mul_32s_32s_64_2_1': 4 instance(s).
INFO: [RTGEN 206-100] Generating core module 'mul_32s_5s_36_2_1': 4 instance(s).
INFO: [RTGEN 206-100] Generating core module 'mul_7ns_9ns_15_1_1': 3 instance(s).
INFO: [RTGEN 206-100] Generating core module 'mul_8s_8s_16_1_1': 48 instance(s).
INFO: [RTGEN 206-100] Generating core module 'sparsemux_7_2_64_1_1': 4 instance(s).
INFO: [RTGEN 206-100] Generating core module 'sparsemux_7_2_8_1_1': 36 instance(s).
INFO: [RTGEN 206-100] Generating core module 'sparsemux_9_2_32_1_1': 4 instance(s).
INFO: [RTGEN 206-100] Generating core module 'sparsemux_9_2_8_1_1': 135 instance(s).
INFO: [RTGEN 206-100] Generating core module 'urem_7ns_3ns_2_11_1': 1 instance(s).
INFO: [RTGEN 206-100] Finished creating RTL model for 'conv0_engine_Pipeline_COL_GROUP'.
INFO: [HLS 200-111] Finished Creating RTL model: CPU user time: 2 seconds. CPU system time: 0 seconds. Elapsed time: 2.055 seconds; current allocated memory: 891.547 MB.
INFO: [HLS 200-10] ----------------------------------------------------------------
INFO: [HLS 200-10] -- Generating RTL for module 'conv0_engine_Pipeline_WRITE_ROW' 
INFO: [HLS 200-10] ----------------------------------------------------------------
INFO: [HLS 200-1030] Apply Unified Pipeline Control on module 'conv0_engine_Pipeline_WRITE_ROW' pipeline 'WRITE_ROW' pipeline type 'loop pipeline'
WARNING: [RTGEN 206-101] Setting dangling out port 'conv0_engine_Pipeline_WRITE_ROW/m_axi_WR_BUS_0_AWVALID' to 0.
WARNING: [RTGEN 206-101] Setting dangling out port 'conv0_engine_Pipeline_WRITE_ROW/m_axi_WR_BUS_0_AWADDR' to 0.
WARNING: [RTGEN 206-101] Setting dangling out port 'conv0_engine_Pipeline_WRITE_ROW/m_axi_WR_BUS_0_AWID' to 0.
WARNING: [RTGEN 206-101] Setting dangling out port 'conv0_engine_Pipeline_WRITE_ROW/m_axi_WR_BUS_0_AWLEN' to 0.
WARNING: [RTGEN 206-101] Setting dangling out port 'conv0_engine_Pipeline_WRITE_ROW/m_axi_WR_BUS_0_AWSIZE' to 0.
WARNING: [RTGEN 206-101] Setting dangling out port 'conv0_engine_Pipeline_WRITE_ROW/m_axi_WR_BUS_0_AWBURST' to 0.
WARNING: [RTGEN 206-101] Setting dangling out port 'conv0_engine_Pipeline_WRITE_ROW/m_axi_WR_BUS_0_AWLOCK' to 0.
WARNING: [RTGEN 206-101] Setting dangling out port 'conv0_engine_Pipeline_WRITE_ROW/m_axi_WR_BUS_0_AWCACHE' to 0.
WARNING: [RTGEN 206-101] Setting dangling out port 'conv0_engine_Pipeline_WRITE_ROW/m_axi_WR_BUS_0_AWPROT' to 0.
WARNING: [RTGEN 206-101] Setting dangling out port 'conv0_engine_Pipeline_WRITE_ROW/m_axi_WR_BUS_0_AWQOS' to 0.
WARNING: [RTGEN 206-101] Setting dangling out port 'conv0_engine_Pipeline_WRITE_ROW/m_axi_WR_BUS_0_AWREGION' to 0.
WARNING: [RTGEN 206-101] Setting dangling out port 'conv0_engine_Pipeline_WRITE_ROW/m_axi_WR_BUS_0_AWUSER' to 0.
WARNING: [RTGEN 206-101] Setting dangling out port 'conv0_engine_Pipeline_WRITE_ROW/m_axi_WR_BUS_0_BREADY' to 0.
INFO: [RTGEN 206-100] Finished creating RTL model for 'conv0_engine_Pipeline_WRITE_ROW'.
INFO: [HLS 200-111] Finished Creating RTL model: CPU user time: 1 seconds. CPU system time: 1 seconds. Elapsed time: 2.15 seconds; current allocated memory: 920.789 MB.
INFO: [HLS 200-10] ----------------------------------------------------------------
INFO: [HLS 200-10] -- Generating RTL for module 'conv0_engine' 
INFO: [HLS 200-10] ----------------------------------------------------------------
WARNING: [RTGEN 206-101] Design contains AXI ports. Reset is fixed to synchronous and active low.
INFO: [RTGEN 206-500] Setting interface mode on port 'conv0_engine/RD_BUS' to 'm_axi'.
INFO: [RTGEN 206-500] Setting interface mode on port 'conv0_engine/WR_BUS' to 'm_axi'.
INFO: [RTGEN 206-500] Setting interface mode on port 'conv0_engine/ifmap' to 's_axilite & ap_none'.
INFO: [RTGEN 206-500] Setting interface mode on port 'conv0_engine/weights' to 's_axilite & ap_none'.
INFO: [RTGEN 206-500] Setting interface mode on port 'conv0_engine/bias' to 's_axilite & ap_none'.
INFO: [RTGEN 206-500] Setting interface mode on port 'conv0_engine/ofmap' to 's_axilite & ap_none'.
INFO: [RTGEN 206-500] Setting interface mode on port 'conv0_engine/img_h' to 's_axilite & ap_none'.
INFO: [RTGEN 206-500] Setting interface mode on port 'conv0_engine/img_w' to 's_axilite & ap_none'.
INFO: [RTGEN 206-500] Setting interface mode on port 'conv0_engine/requant_multiplier' to 's_axilite & ap_none'.
INFO: [RTGEN 206-500] Setting interface mode on port 'conv0_engine/requant_shift' to 's_axilite & ap_none'.
INFO: [RTGEN 206-500] Setting interface mode on port 'conv0_engine/leaky_relu_enable' to 's_axilite & ap_none'.
INFO: [RTGEN 206-500] Setting interface mode on function 'conv0_engine' to 's_axilite & ap_ctrl_hs'.
INFO: [SYN 201-210] Renamed object name 'p_ZZ12conv0_enginePK6ap_intILi8EES2_PKS_ILi32EEP7ap_uintILi32EEttihhE7row_buf_0_0_2_RAM_2P_BRAM_1R1W' to 'p_ZZ12conv0_enginePK6ap_intILi8EES2_PKS_ILi32EEP7ap_uintILi32EEttihhE7row_bufbkb' due to the length limit 80
INFO: [SYN 201-210] Renamed object name 'p_ZZ12conv0_enginePK6ap_intILi8EES2_PKS_ILi32EEP7ap_uintILi32EEttihhE7row_buf_0_0_1_RAM_2P_BRAM_1R1W' to 'p_ZZ12conv0_enginePK6ap_intILi8EES2_PKS_ILi32EEP7ap_uintILi32EEttihhE7row_bufcud' due to the length limit 80
INFO: [SYN 201-210] Renamed object name 'p_ZZ12conv0_enginePK6ap_intILi8EES2_PKS_ILi32EEP7ap_uintILi32EEttihhE7row_buf_0_0_RAM_2P_BRAM_1R1W' to 'p_ZZ12conv0_enginePK6ap_intILi8EES2_PKS_ILi32EEP7ap_uintILi32EEttihhE7row_bufdEe' due to the length limit 80
INFO: [SYN 201-210] Renamed object name 'p_ZZ12conv0_enginePK6ap_intILi8EES2_PKS_ILi32EEP7ap_uintILi32EEttihhE7row_buf_0_1_2_RAM_2P_BRAM_1R1W' to 'p_ZZ12conv0_enginePK6ap_intILi8EES2_PKS_ILi32EEP7ap_uintILi32EEttihhE7row_bufeOg' due to the length limit 80
INFO: [SYN 201-210] Renamed object name 'p_ZZ12conv0_enginePK6ap_intILi8EES2_PKS_ILi32EEP7ap_uintILi32EEttihhE7row_buf_0_1_1_RAM_2P_BRAM_1R1W' to 'p_ZZ12conv0_enginePK6ap_intILi8EES2_PKS_ILi32EEP7ap_uintILi32EEttihhE7row_buffYi' due to the length limit 80
INFO: [SYN 201-210] Renamed object name 'p_ZZ12conv0_enginePK6ap_intILi8EES2_PKS_ILi32EEP7ap_uintILi32EEttihhE7row_buf_0_1_RAM_2P_BRAM_1R1W' to 'p_ZZ12conv0_enginePK6ap_intILi8EES2_PKS_ILi32EEP7ap_uintILi32EEttihhE7row_bufg8j' due to the length limit 80
INFO: [SYN 201-210] Renamed object name 'p_ZZ12conv0_enginePK6ap_intILi8EES2_PKS_ILi32EEP7ap_uintILi32EEttihhE7row_buf_0_2_2_RAM_2P_BRAM_1R1W' to 'p_ZZ12conv0_enginePK6ap_intILi8EES2_PKS_ILi32EEP7ap_uintILi32EEttihhE7row_bufhbi' due to the length limit 80
INFO: [SYN 201-210] Renamed object name 'p_ZZ12conv0_enginePK6ap_intILi8EES2_PKS_ILi32EEP7ap_uintILi32EEttihhE7row_buf_0_2_1_RAM_2P_BRAM_1R1W' to 'p_ZZ12conv0_enginePK6ap_intILi8EES2_PKS_ILi32EEP7ap_uintILi32EEttihhE7row_bufibs' due to the length limit 80
INFO: [SYN 201-210] Renamed object name 'p_ZZ12conv0_enginePK6ap_intILi8EES2_PKS_ILi32EEP7ap_uintILi32EEttihhE7row_buf_0_2_RAM_2P_BRAM_1R1W' to 'p_ZZ12conv0_enginePK6ap_intILi8EES2_PKS_ILi32EEP7ap_uintILi32EEttihhE7row_bufjbC' due to the length limit 80
INFO: [SYN 201-210] Renamed object name 'p_ZZ12conv0_enginePK6ap_intILi8EES2_PKS_ILi32EEP7ap_uintILi32EEttihhE7row_buf_1_0_2_RAM_2P_BRAM_1R1W' to 'p_ZZ12conv0_enginePK6ap_intILi8EES2_PKS_ILi32EEP7ap_uintILi32EEttihhE7row_bufkbM' due to the length limit 80
INFO: [SYN 201-210] Renamed object name 'p_ZZ12conv0_enginePK6ap_intILi8EES2_PKS_ILi32EEP7ap_uintILi32EEttihhE7row_buf_1_0_1_RAM_2P_BRAM_1R1W' to 'p_ZZ12conv0_enginePK6ap_intILi8EES2_PKS_ILi32EEP7ap_uintILi32EEttihhE7row_buflbW' due to the length limit 80
INFO: [SYN 201-210] Renamed object name 'p_ZZ12conv0_enginePK6ap_intILi8EES2_PKS_ILi32EEP7ap_uintILi32EEttihhE7row_buf_1_0_RAM_2P_BRAM_1R1W' to 'p_ZZ12conv0_enginePK6ap_intILi8EES2_PKS_ILi32EEP7ap_uintILi32EEttihhE7row_bufmb6' due to the length limit 80
INFO: [SYN 201-210] Renamed object name 'p_ZZ12conv0_enginePK6ap_intILi8EES2_PKS_ILi32EEP7ap_uintILi32EEttihhE7row_buf_1_1_2_RAM_2P_BRAM_1R1W' to 'p_ZZ12conv0_enginePK6ap_intILi8EES2_PKS_ILi32EEP7ap_uintILi32EEttihhE7row_bufncg' due to the length limit 80
INFO: [SYN 201-210] Renamed object name 'p_ZZ12conv0_enginePK6ap_intILi8EES2_PKS_ILi32EEP7ap_uintILi32EEttihhE7row_buf_1_1_1_RAM_2P_BRAM_1R1W' to 'p_ZZ12conv0_enginePK6ap_intILi8EES2_PKS_ILi32EEP7ap_uintILi32EEttihhE7row_bufocq' due to the length limit 80
INFO: [SYN 201-210] Renamed object name 'p_ZZ12conv0_enginePK6ap_intILi8EES2_PKS_ILi32EEP7ap_uintILi32EEttihhE7row_buf_1_1_RAM_2P_BRAM_1R1W' to 'p_ZZ12conv0_enginePK6ap_intILi8EES2_PKS_ILi32EEP7ap_uintILi32EEttihhE7row_bufpcA' due to the length limit 80
INFO: [SYN 201-210] Renamed object name 'p_ZZ12conv0_enginePK6ap_intILi8EES2_PKS_ILi32EEP7ap_uintILi32EEttihhE7row_buf_1_2_2_RAM_2P_BRAM_1R1W' to 'p_ZZ12conv0_enginePK6ap_intILi8EES2_PKS_ILi32EEP7ap_uintILi32EEttihhE7row_bufqcK' due to the length limit 80
INFO: [SYN 201-210] Renamed object name 'p_ZZ12conv0_enginePK6ap_intILi8EES2_PKS_ILi32EEP7ap_uintILi32EEttihhE7row_buf_1_2_1_RAM_2P_BRAM_1R1W' to 'p_ZZ12conv0_enginePK6ap_intILi8EES2_PKS_ILi32EEP7ap_uintILi32EEttihhE7row_bufrcU' due to the length limit 80
INFO: [SYN 201-210] Renamed object name 'p_ZZ12conv0_enginePK6ap_intILi8EES2_PKS_ILi32EEP7ap_uintILi32EEttihhE7row_buf_1_2_RAM_2P_BRAM_1R1W' to 'p_ZZ12conv0_enginePK6ap_intILi8EES2_PKS_ILi32EEP7ap_uintILi32EEttihhE7row_bufsc4' due to the length limit 80
INFO: [SYN 201-210] Renamed object name 'p_ZZ12conv0_enginePK6ap_intILi8EES2_PKS_ILi32EEP7ap_uintILi32EEttihhE7row_buf_2_0_2_RAM_2P_BRAM_1R1W' to 'p_ZZ12conv0_enginePK6ap_intILi8EES2_PKS_ILi32EEP7ap_uintILi32EEttihhE7row_buftde' due to the length limit 80
INFO: [SYN 201-210] Renamed object name 'p_ZZ12conv0_enginePK6ap_intILi8EES2_PKS_ILi32EEP7ap_uintILi32EEttihhE7row_buf_2_0_1_RAM_2P_BRAM_1R1W' to 'p_ZZ12conv0_enginePK6ap_intILi8EES2_PKS_ILi32EEP7ap_uintILi32EEttihhE7row_bufudo' due to the length limit 80
INFO: [SYN 201-210] Renamed object name 'p_ZZ12conv0_enginePK6ap_intILi8EES2_PKS_ILi32EEP7ap_uintILi32EEttihhE7row_buf_2_0_RAM_2P_BRAM_1R1W' to 'p_ZZ12conv0_enginePK6ap_intILi8EES2_PKS_ILi32EEP7ap_uintILi32EEttihhE7row_bufvdy' due to the length limit 80
INFO: [SYN 201-210] Renamed object name 'p_ZZ12conv0_enginePK6ap_intILi8EES2_PKS_ILi32EEP7ap_uintILi32EEttihhE7row_buf_2_1_2_RAM_2P_BRAM_1R1W' to 'p_ZZ12conv0_enginePK6ap_intILi8EES2_PKS_ILi32EEP7ap_uintILi32EEttihhE7row_bufwdI' due to the length limit 80
INFO: [SYN 201-210] Renamed object name 'p_ZZ12conv0_enginePK6ap_intILi8EES2_PKS_ILi32EEP7ap_uintILi32EEttihhE7row_buf_2_1_1_RAM_2P_BRAM_1R1W' to 'p_ZZ12conv0_enginePK6ap_intILi8EES2_PKS_ILi32EEP7ap_uintILi32EEttihhE7row_bufxdS' due to the length limit 80
INFO: [SYN 201-210] Renamed object name 'p_ZZ12conv0_enginePK6ap_intILi8EES2_PKS_ILi32EEP7ap_uintILi32EEttihhE7row_buf_2_1_RAM_2P_BRAM_1R1W' to 'p_ZZ12conv0_enginePK6ap_intILi8EES2_PKS_ILi32EEP7ap_uintILi32EEttihhE7row_bufyd2' due to the length limit 80
INFO: [SYN 201-210] Renamed object name 'p_ZZ12conv0_enginePK6ap_intILi8EES2_PKS_ILi32EEP7ap_uintILi32EEttihhE7row_buf_2_2_2_RAM_2P_BRAM_1R1W' to 'p_ZZ12conv0_enginePK6ap_intILi8EES2_PKS_ILi32EEP7ap_uintILi32EEttihhE7row_bufzec' due to the length limit 80
INFO: [SYN 201-210] Renamed object name 'p_ZZ12conv0_enginePK6ap_intILi8EES2_PKS_ILi32EEP7ap_uintILi32EEttihhE7row_buf_2_2_1_RAM_2P_BRAM_1R1W' to 'p_ZZ12conv0_enginePK6ap_intILi8EES2_PKS_ILi32EEP7ap_uintILi32EEttihhE7row_bufAem' due to the length limit 80
INFO: [SYN 201-210] Renamed object name 'p_ZZ12conv0_enginePK6ap_intILi8EES2_PKS_ILi32EEP7ap_uintILi32EEttihhE7row_buf_2_2_RAM_2P_BRAM_1R1W' to 'p_ZZ12conv0_enginePK6ap_intILi8EES2_PKS_ILi32EEP7ap_uintILi32EEttihhE7row_bufBew' due to the length limit 80
INFO: [SYN 201-210] Renamed object name 'p_ZZ12conv0_enginePK6ap_intILi8EES2_PKS_ILi32EEP7ap_uintILi32EEttihhE7row_buf_3_0_2_RAM_2P_BRAM_1R1W' to 'p_ZZ12conv0_enginePK6ap_intILi8EES2_PKS_ILi32EEP7ap_uintILi32EEttihhE7row_bufCeG' due to the length limit 80
INFO: [SYN 201-210] Renamed object name 'p_ZZ12conv0_enginePK6ap_intILi8EES2_PKS_ILi32EEP7ap_uintILi32EEttihhE7row_buf_3_0_1_RAM_2P_BRAM_1R1W' to 'p_ZZ12conv0_enginePK6ap_intILi8EES2_PKS_ILi32EEP7ap_uintILi32EEttihhE7row_bufDeQ' due to the length limit 80
INFO: [SYN 201-210] Renamed object name 'p_ZZ12conv0_enginePK6ap_intILi8EES2_PKS_ILi32EEP7ap_uintILi32EEttihhE7row_buf_3_0_RAM_2P_BRAM_1R1W' to 'p_ZZ12conv0_enginePK6ap_intILi8EES2_PKS_ILi32EEP7ap_uintILi32EEttihhE7row_bufEe0' due to the length limit 80
INFO: [SYN 201-210] Renamed object name 'p_ZZ12conv0_enginePK6ap_intILi8EES2_PKS_ILi32EEP7ap_uintILi32EEttihhE7row_buf_3_1_2_RAM_2P_BRAM_1R1W' to 'p_ZZ12conv0_enginePK6ap_intILi8EES2_PKS_ILi32EEP7ap_uintILi32EEttihhE7row_bufFfa' due to the length limit 80
INFO: [SYN 201-210] Renamed object name 'p_ZZ12conv0_enginePK6ap_intILi8EES2_PKS_ILi32EEP7ap_uintILi32EEttihhE7row_buf_3_1_1_RAM_2P_BRAM_1R1W' to 'p_ZZ12conv0_enginePK6ap_intILi8EES2_PKS_ILi32EEP7ap_uintILi32EEttihhE7row_bufGfk' due to the length limit 80
INFO: [SYN 201-210] Renamed object name 'p_ZZ12conv0_enginePK6ap_intILi8EES2_PKS_ILi32EEP7ap_uintILi32EEttihhE7row_buf_3_1_RAM_2P_BRAM_1R1W' to 'p_ZZ12conv0_enginePK6ap_intILi8EES2_PKS_ILi32EEP7ap_uintILi32EEttihhE7row_bufHfu' due to the length limit 80
INFO: [SYN 201-210] Renamed object name 'p_ZZ12conv0_enginePK6ap_intILi8EES2_PKS_ILi32EEP7ap_uintILi32EEttihhE7row_buf_3_2_2_RAM_2P_BRAM_1R1W' to 'p_ZZ12conv0_enginePK6ap_intILi8EES2_PKS_ILi32EEP7ap_uintILi32EEttihhE7row_bufIfE' due to the length limit 80
INFO: [SYN 201-210] Renamed object name 'p_ZZ12conv0_enginePK6ap_intILi8EES2_PKS_ILi32EEP7ap_uintILi32EEttihhE7row_buf_3_2_1_RAM_2P_BRAM_1R1W' to 'p_ZZ12conv0_enginePK6ap_intILi8EES2_PKS_ILi32EEP7ap_uintILi32EEttihhE7row_bufJfO' due to the length limit 80
INFO: [SYN 201-210] Renamed object name 'p_ZZ12conv0_enginePK6ap_intILi8EES2_PKS_ILi32EEP7ap_uintILi32EEttihhE7row_buf_3_2_RAM_2P_BRAM_1R1W' to 'p_ZZ12conv0_enginePK6ap_intILi8EES2_PKS_ILi32EEP7ap_uintILi32EEttihhE7row_bufKfY' due to the length limit 80
INFO: [RTGEN 206-100] Bundling port 'ifmap', 'weights', 'bias', 'ofmap', 'img_h', 'img_w', 'requant_multiplier', 'requant_shift', 'leaky_relu_enable' to AXI-Lite port CTRL.
INFO: [RTGEN 206-100] Finished creating RTL model for 'conv0_engine'.
INFO: [RTMG 210-278] Implementing memory 'conv0_engine_p_ZZ12conv0_enginePK6ap_intILi8EES2_PKS_ILi32EEP7ap_uintILi32EEttihhE7row_bufbkb' using block RAMs.
INFO: [RTMG 210-278] Implementing memory 'conv0_engine_out_row_RAM_2P_BRAM_1R1W' using block RAMs.
INFO: [HLS 200-111] Finished Creating RTL model: CPU user time: 0 seconds. CPU system time: 0 seconds. Elapsed time: 1.155 seconds; current allocated memory: 926.480 MB.
INFO: [HLS 200-111] Finished Generating all RTL models: CPU user time: 1 seconds. CPU system time: 0 seconds. Elapsed time: 1.678 seconds; current allocated memory: 946.453 MB.
INFO: [HLS 200-1603] Design has inferred MAXI bursts and missed bursts, see Vitis HLS GUI synthesis summary report for detailed information.
INFO: [HLS 200-111] Finished Updating report files: CPU user time: 1 seconds. CPU system time: 1 seconds. Elapsed time: 1.525 seconds; current allocated memory: 961.285 MB.
INFO: [VHDL 208-304] Generating VHDL RTL for conv0_engine.
INFO: [VLOG 209-307] Generating Verilog RTL for conv0_engine.
INFO: [HLS 200-790] **** Loop Constraint Status: All loop constraints were NOT satisfied.
INFO: [HLS 200-789] **** Estimated Fmax: 136.99 MHz
INFO: [HLS 200-2161] Finished Command csynth_design Elapsed time: 00:00:40; Allocated memory: 352.766 MB.

==> C/RTL Co-simulation - ROI 64x64 (pre-padded 66x66), 위치 4,096개. 공유 conv_engine 의 93.3 cyc/pos 와 직접 비교할 수 있는 숫자가 나옵니다 (KV260 세대 conv0 실측은 13.1).
INFO: [HLS 200-1510] Running: cosim_design -trace_level none -argv --cosim-only 
INFO: [COSIM 212-47] Using XSIM for RTL simulation.
INFO: [COSIM 212-14] Instrumenting C test bench ...
   Build using "C:/Xilinx/Vitis/2024.2/vcxx/libexec/clang++"
   Compiling conv0_engine_tb.cpp_pre.cpp.tb.cpp
   Compiling conv0_engine.cpp_pre.cpp.tb.cpp
   Compiling apatb_conv0_engine.cpp
   Compiling apatb_conv0_engine_ir.ll
   Generating cosim.tv.exe
INFO: [COSIM 212-302] Starting C TB testing ... 
=== COSIM: conv0 3->16, pre-padded 50x98 (out 48x96) ===
[conv0-cosim 50x98] PASS: 73728 output values matched the reference bit-exactly (pre-padded 98x50x3 -> 96x48x16, k=3, pad=0)
COSIM CONFIG PASS
INFO: [COSIM 212-333] Generating C post check test bench ...
INFO: [COSIM 212-12] Generating RTL test bench ...
INFO: [COSIM 212-1] *** C/RTL co-simulation file generation completed. ***
INFO: [COSIM 212-323] Starting verilog simulation. 
INFO: [COSIM 212-15] Starting XSIM ...

C:\Users\kccistc\Documents\final_project\hls\arty_96_classifier\conv0_engine\conv0_engine_prj\solution1\sim\verilog>set PATH= 

C:\Users\kccistc\Documents\final_project\hls\arty_96_classifier\conv0_engine\conv0_engine_prj\solution1\sim\verilog>call C:/Xilinx/Vivado/2024.2/bin/xelab xil_defaultlib.apatb_conv0_engine_top glbl -Oenable_linking_all_libraries  -prj conv0_engine.prj -L smartconnect_v1_0 -L axi_protocol_checker_v1_1_12 -L axi_protocol_checker_v1_1_13 -L axis_protocol_checker_v1_1_11 -L axis_protocol_checker_v1_1_12 -L xil_defaultlib -L unisims_ver -L xpm  -L floating_point_v7_0_24 -L floating_point_v7_1_19 --lib "ieee_proposed=./ieee_proposed" -s conv0_engine  
Vivado Simulator v2024.2.0
Copyright 1986-2022 Xilinx, Inc. All Rights Reserved.
Copyright 2022-2024 Advanced Micro Devices, Inc. All Rights Reserved.
Running: C:/Xilinx/Vivado/2024.2/bin/unwrapped/win64.o/xelab.exe xil_defaultlib.apatb_conv0_engine_top glbl -Oenable_linking_all_libraries -prj conv0_engine.prj -L smartconnect_v1_0 -L axi_protocol_checker_v1_1_12 -L axi_protocol_checker_v1_1_13 -L axis_protocol_checker_v1_1_11 -L axis_protocol_checker_v1_1_12 -L xil_defaultlib -L unisims_ver -L xpm -L floating_point_v7_0_24 -L floating_point_v7_1_19 --lib ieee_proposed=./ieee_proposed -s conv0_engine 
Multi-threading is on. Using 14 slave threads.
INFO: [VRFC 10-2263] Analyzing SystemVerilog file "C:/Users/kccistc/Documents/final_project/hls/arty_96_classifier/conv0_engine/conv0_engine_prj/solution1/sim/verilog/glbl.v" into library work
INFO: [VRFC 10-311] analyzing module glbl
INFO: [VRFC 10-2263] Analyzing SystemVerilog file "C:/Users/kccistc/Documents/final_project/hls/arty_96_classifier/conv0_engine/conv0_engine_prj/solution1/sim/verilog/AESL_axi_master_RD_BUS.v" into library xil_defaultlib
INFO: [VRFC 10-311] analyzing module AESL_axi_master_RD_BUS
INFO: [VRFC 10-2263] Analyzing SystemVerilog file "C:/Users/kccistc/Documents/final_project/hls/arty_96_classifier/conv0_engine/conv0_engine_prj/solution1/sim/verilog/AESL_axi_master_WR_BUS.v" into library xil_defaultlib
INFO: [VRFC 10-311] analyzing module AESL_axi_master_WR_BUS
INFO: [VRFC 10-2263] Analyzing SystemVerilog file "C:/Users/kccistc/Documents/final_project/hls/arty_96_classifier/conv0_engine/conv0_engine_prj/solution1/sim/verilog/AESL_axi_slave_CTRL.v" into library xil_defaultlib
INFO: [VRFC 10-311] analyzing module AESL_axi_slave_CTRL
INFO: [VRFC 10-2263] Analyzing SystemVerilog file "C:/Users/kccistc/Documents/final_project/hls/arty_96_classifier/conv0_engine/conv0_engine_prj/solution1/sim/verilog/conv0_engine.autotb.v" into library xil_defaultlib
INFO: [VRFC 10-311] analyzing module apatb_conv0_engine_top
INFO: [VRFC 10-2263] Analyzing SystemVerilog file "C:/Users/kccistc/Documents/final_project/hls/arty_96_classifier/conv0_engine/conv0_engine_prj/solution1/sim/verilog/conv0_engine.v" into library xil_defaultlib
INFO: [VRFC 10-311] analyzing module conv0_engine
INFO: [VRFC 10-2263] Analyzing SystemVerilog file "C:/Users/kccistc/Documents/final_project/hls/arty_96_classifier/conv0_engine/conv0_engine_prj/solution1/sim/verilog/conv0_engine_conv0_engine_Pipeline_COL_GROUP.v" into library xil_defaultlib
INFO: [VRFC 10-311] analyzing module conv0_engine_conv0_engine_Pipeline_COL_GROUP
INFO: [VRFC 10-2263] Analyzing SystemVerilog file "C:/Users/kccistc/Documents/final_project/hls/arty_96_classifier/conv0_engine/conv0_engine_prj/solution1/sim/verilog/conv0_engine_conv0_engine_Pipeline_LOAD_B.v" into library xil_defaultlib
INFO: [VRFC 10-311] analyzing module conv0_engine_conv0_engine_Pipeline_LOAD_B
INFO: [VRFC 10-2263] Analyzing SystemVerilog file "C:/Users/kccistc/Documents/final_project/hls/arty_96_classifier/conv0_engine/conv0_engine_prj/solution1/sim/verilog/conv0_engine_conv0_engine_Pipeline_LOAD_W_VITIS_LOOP_219_1_VITIS_LOOP_220_2_VITIS_LOOP_221_3.v" into library xil_defaultlib
INFO: [VRFC 10-311] analyzing module conv0_engine_conv0_engine_Pipeline_LOAD_W_VITIS_LOOP_219_1_VITIS_LOOP_220_2_VITIS_LOOP_221_3
INFO: [VRFC 10-2263] Analyzing SystemVerilog file "C:/Users/kccistc/Documents/final_project/hls/arty_96_classifier/conv0_engine/conv0_engine_prj/solution1/sim/verilog/conv0_engine_conv0_engine_Pipeline_PROLOGUE_ROWS_PROLOGUE_COLS.v" into library xil_defaultlib
INFO: [VRFC 10-311] analyzing module conv0_engine_conv0_engine_Pipeline_PROLOGUE_ROWS_PROLOGUE_COLS
INFO: [VRFC 10-2263] Analyzing SystemVerilog file "C:/Users/kccistc/Documents/final_project/hls/arty_96_classifier/conv0_engine/conv0_engine_prj/solution1/sim/verilog/conv0_engine_conv0_engine_Pipeline_READ_ROW.v" into library xil_defaultlib
INFO: [VRFC 10-311] analyzing module conv0_engine_conv0_engine_Pipeline_READ_ROW
INFO: [VRFC 10-2263] Analyzing SystemVerilog file "C:/Users/kccistc/Documents/final_project/hls/arty_96_classifier/conv0_engine/conv0_engine_prj/solution1/sim/verilog/conv0_engine_conv0_engine_Pipeline_WRITE_ROW.v" into library xil_defaultlib
INFO: [VRFC 10-311] analyzing module conv0_engine_conv0_engine_Pipeline_WRITE_ROW
INFO: [VRFC 10-2263] Analyzing SystemVerilog file "C:/Users/kccistc/Documents/final_project/hls/arty_96_classifier/conv0_engine/conv0_engine_prj/solution1/sim/verilog/conv0_engine_CTRL_s_axi.v" into library xil_defaultlib
INFO: [VRFC 10-311] analyzing module conv0_engine_CTRL_s_axi
INFO: [VRFC 10-2263] Analyzing SystemVerilog file "C:/Users/kccistc/Documents/final_project/hls/arty_96_classifier/conv0_engine/conv0_engine_prj/solution1/sim/verilog/conv0_engine_flow_control_loop_pipe_sequential_init.v" into library xil_defaultlib
INFO: [VRFC 10-311] analyzing module conv0_engine_flow_control_loop_pipe_sequential_init
INFO: [VRFC 10-2263] Analyzing SystemVerilog file "C:/Users/kccistc/Documents/final_project/hls/arty_96_classifier/conv0_engine/conv0_engine_prj/solution1/sim/verilog/conv0_engine_mac_muladd_5ns_5ns_2ns_9_4_1.v" into library xil_defaultlib
INFO: [VRFC 10-311] analyzing module conv0_engine_mac_muladd_5ns_5ns_2ns_9_4_1_DSP48_0
INFO: [VRFC 10-311] analyzing module conv0_engine_mac_muladd_5ns_5ns_2ns_9_4_1
INFO: [VRFC 10-2263] Analyzing SystemVerilog file "C:/Users/kccistc/Documents/final_project/hls/arty_96_classifier/conv0_engine/conv0_engine_prj/solution1/sim/verilog/conv0_engine_mac_muladd_8s_8s_16s_17_4_1.v" into library xil_defaultlib
INFO: [VRFC 10-311] analyzing module conv0_engine_mac_muladd_8s_8s_16s_17_4_1_DSP48_0
INFO: [VRFC 10-311] analyzing module conv0_engine_mac_muladd_8s_8s_16s_17_4_1
INFO: [VRFC 10-2263] Analyzing SystemVerilog file "C:/Users/kccistc/Documents/final_project/hls/arty_96_classifier/conv0_engine/conv0_engine_prj/solution1/sim/verilog/conv0_engine_mac_muladd_8s_8s_17s_17_4_1.v" into library xil_defaultlib
INFO: [VRFC 10-311] analyzing module conv0_engine_mac_muladd_8s_8s_17s_17_4_1_DSP48_0
INFO: [VRFC 10-311] analyzing module conv0_engine_mac_muladd_8s_8s_17s_17_4_1
INFO: [VRFC 10-2263] Analyzing SystemVerilog file "C:/Users/kccistc/Documents/final_project/hls/arty_96_classifier/conv0_engine/conv0_engine_prj/solution1/sim/verilog/conv0_engine_mul_16ns_18ns_33_1_1.v" into library xil_defaultlib
INFO: [VRFC 10-311] analyzing module conv0_engine_mul_16ns_18ns_33_1_1
INFO: [VRFC 10-2263] Analyzing SystemVerilog file "C:/Users/kccistc/Documents/final_project/hls/arty_96_classifier/conv0_engine/conv0_engine_prj/solution1/sim/verilog/conv0_engine_mul_2ns_18ns_20_1_1.v" into library xil_defaultlib
INFO: [VRFC 10-311] analyzing module conv0_engine_mul_2ns_18ns_20_1_1
INFO: [VRFC 10-2263] Analyzing SystemVerilog file "C:/Users/kccistc/Documents/final_project/hls/arty_96_classifier/conv0_engine/conv0_engine_prj/solution1/sim/verilog/conv0_engine_mul_32ns_34ns_65_2_1.v" into library xil_defaultlib
INFO: [VRFC 10-311] analyzing module conv0_engine_mul_32ns_34ns_65_2_1
INFO: [VRFC 10-2263] Analyzing SystemVerilog file "C:/Users/kccistc/Documents/final_project/hls/arty_96_classifier/conv0_engine/conv0_engine_prj/solution1/sim/verilog/conv0_engine_mul_32s_32s_64_2_1.v" into library xil_defaultlib
INFO: [VRFC 10-311] analyzing module conv0_engine_mul_32s_32s_64_2_1
INFO: [VRFC 10-2263] Analyzing SystemVerilog file "C:/Users/kccistc/Documents/final_project/hls/arty_96_classifier/conv0_engine/conv0_engine_prj/solution1/sim/verilog/conv0_engine_mul_32s_5s_36_2_1.v" into library xil_defaultlib
INFO: [VRFC 10-311] analyzing module conv0_engine_mul_32s_5s_36_2_1
INFO: [VRFC 10-2263] Analyzing SystemVerilog file "C:/Users/kccistc/Documents/final_project/hls/arty_96_classifier/conv0_engine/conv0_engine_prj/solution1/sim/verilog/conv0_engine_mul_7ns_9ns_15_1_1.v" into library xil_defaultlib
INFO: [VRFC 10-311] analyzing module conv0_engine_mul_7ns_9ns_15_1_1
INFO: [VRFC 10-2263] Analyzing SystemVerilog file "C:/Users/kccistc/Documents/final_project/hls/arty_96_classifier/conv0_engine/conv0_engine_prj/solution1/sim/verilog/conv0_engine_mul_8s_8s_16_1_1.v" into library xil_defaultlib
INFO: [VRFC 10-311] analyzing module conv0_engine_mul_8s_8s_16_1_1
INFO: [VRFC 10-2263] Analyzing SystemVerilog file "C:/Users/kccistc/Documents/final_project/hls/arty_96_classifier/conv0_engine/conv0_engine_prj/solution1/sim/verilog/conv0_engine_out_row_RAM_2P_BRAM_1R1W.v" into library xil_defaultlib
INFO: [VRFC 10-311] analyzing module conv0_engine_out_row_RAM_2P_BRAM_1R1W
INFO: [VRFC 10-2263] Analyzing SystemVerilog file "C:/Users/kccistc/Documents/final_project/hls/arty_96_classifier/conv0_engine/conv0_engine_prj/solution1/sim/verilog/conv0_engine_p_ZZ12conv0_enginePK6ap_intILi8EES2_PKS_ILi32EEP7ap_uintILi32EEttihhE7row_bufbkb.v" into library xil_defaultlib
INFO: [VRFC 10-311] analyzing module conv0_engine_p_ZZ12conv0_enginePK6ap_intILi8EES2_PKS_ILi32EEP7ap_uintILi32EEttihhE7row_bufbkb
INFO: [VRFC 10-2263] Analyzing SystemVerilog file "C:/Users/kccistc/Documents/final_project/hls/arty_96_classifier/conv0_engine/conv0_engine_prj/solution1/sim/verilog/conv0_engine_RD_BUS_m_axi.v" into library xil_defaultlib
INFO: [VRFC 10-311] analyzing module conv0_engine_RD_BUS_m_axi
INFO: [VRFC 10-311] analyzing module conv0_engine_RD_BUS_m_axi_load
INFO: [VRFC 10-311] analyzing module conv0_engine_RD_BUS_m_axi_store
INFO: [VRFC 10-311] analyzing module conv0_engine_RD_BUS_m_axi_read
INFO: [VRFC 10-311] analyzing module conv0_engine_RD_BUS_m_axi_write
INFO: [VRFC 10-311] analyzing module conv0_engine_RD_BUS_m_axi_burst_converter
INFO: [VRFC 10-311] analyzing module conv0_engine_RD_BUS_m_axi_throttle
INFO: [VRFC 10-311] analyzing module conv0_engine_RD_BUS_m_axi_reg_slice
INFO: [VRFC 10-311] analyzing module conv0_engine_RD_BUS_m_axi_fifo
INFO: [VRFC 10-311] analyzing module conv0_engine_RD_BUS_m_axi_srl
INFO: [VRFC 10-311] analyzing module conv0_engine_RD_BUS_m_axi_mem
INFO: [VRFC 10-2263] Analyzing SystemVerilog file "C:/Users/kccistc/Documents/final_project/hls/arty_96_classifier/conv0_engine/conv0_engine_prj/solution1/sim/verilog/conv0_engine_sparsemux_7_2_64_1_1.v" into library xil_defaultlib
INFO: [VRFC 10-311] analyzing module conv0_engine_sparsemux_7_2_64_1_1
INFO: [VRFC 10-2263] Analyzing SystemVerilog file "C:/Users/kccistc/Documents/final_project/hls/arty_96_classifier/conv0_engine/conv0_engine_prj/solution1/sim/verilog/conv0_engine_sparsemux_7_2_8_1_1.v" into library xil_defaultlib
INFO: [VRFC 10-311] analyzing module conv0_engine_sparsemux_7_2_8_1_1
INFO: [VRFC 10-2263] Analyzing SystemVerilog file "C:/Users/kccistc/Documents/final_project/hls/arty_96_classifier/conv0_engine/conv0_engine_prj/solution1/sim/verilog/conv0_engine_sparsemux_9_2_32_1_1.v" into library xil_defaultlib
INFO: [VRFC 10-311] analyzing module conv0_engine_sparsemux_9_2_32_1_1
INFO: [VRFC 10-2263] Analyzing SystemVerilog file "C:/Users/kccistc/Documents/final_project/hls/arty_96_classifier/conv0_engine/conv0_engine_prj/solution1/sim/verilog/conv0_engine_sparsemux_9_2_8_1_1.v" into library xil_defaultlib
INFO: [VRFC 10-311] analyzing module conv0_engine_sparsemux_9_2_8_1_1
INFO: [VRFC 10-2263] Analyzing SystemVerilog file "C:/Users/kccistc/Documents/final_project/hls/arty_96_classifier/conv0_engine/conv0_engine_prj/solution1/sim/verilog/conv0_engine_urem_16ns_3ns_2_20_1.v" into library xil_defaultlib
INFO: [VRFC 10-311] analyzing module conv0_engine_urem_16ns_3ns_2_20_1_divider
INFO: [VRFC 10-311] analyzing module conv0_engine_urem_16ns_3ns_2_20_1
INFO: [VRFC 10-2263] Analyzing SystemVerilog file "C:/Users/kccistc/Documents/final_project/hls/arty_96_classifier/conv0_engine/conv0_engine_prj/solution1/sim/verilog/conv0_engine_urem_32ns_3ns_2_36_1.v" into library xil_defaultlib
INFO: [VRFC 10-311] analyzing module conv0_engine_urem_32ns_3ns_2_36_1_divider
INFO: [VRFC 10-311] analyzing module conv0_engine_urem_32ns_3ns_2_36_1
INFO: [VRFC 10-2263] Analyzing SystemVerilog file "C:/Users/kccistc/Documents/final_project/hls/arty_96_classifier/conv0_engine/conv0_engine_prj/solution1/sim/verilog/conv0_engine_urem_7ns_3ns_2_11_1.v" into library xil_defaultlib
INFO: [VRFC 10-311] analyzing module conv0_engine_urem_7ns_3ns_2_11_1_divider
INFO: [VRFC 10-311] analyzing module conv0_engine_urem_7ns_3ns_2_11_1
INFO: [VRFC 10-2263] Analyzing SystemVerilog file "C:/Users/kccistc/Documents/final_project/hls/arty_96_classifier/conv0_engine/conv0_engine_prj/solution1/sim/verilog/conv0_engine_WR_BUS_m_axi.v" into library xil_defaultlib
INFO: [VRFC 10-311] analyzing module conv0_engine_WR_BUS_m_axi
INFO: [VRFC 10-311] analyzing module conv0_engine_WR_BUS_m_axi_load
INFO: [VRFC 10-311] analyzing module conv0_engine_WR_BUS_m_axi_store
INFO: [VRFC 10-311] analyzing module conv0_engine_WR_BUS_m_axi_read
INFO: [VRFC 10-311] analyzing module conv0_engine_WR_BUS_m_axi_write
INFO: [VRFC 10-311] analyzing module conv0_engine_WR_BUS_m_axi_burst_converter
INFO: [VRFC 10-311] analyzing module conv0_engine_WR_BUS_m_axi_throttle
INFO: [VRFC 10-311] analyzing module conv0_engine_WR_BUS_m_axi_reg_slice
INFO: [VRFC 10-311] analyzing module conv0_engine_WR_BUS_m_axi_fifo
INFO: [VRFC 10-311] analyzing module conv0_engine_WR_BUS_m_axi_srl
INFO: [VRFC 10-311] analyzing module conv0_engine_WR_BUS_m_axi_mem
INFO: [VRFC 10-2263] Analyzing SystemVerilog file "C:/Users/kccistc/Documents/final_project/hls/arty_96_classifier/conv0_engine/conv0_engine_prj/solution1/sim/verilog/dataflow_monitor.sv" into library xil_defaultlib
INFO: [VRFC 10-311] analyzing module dataflow_monitor
Starting static elaboration
Pass Through NonSizing Optimizer
Completed static elaboration
Starting simulation data flow analysis
Completed simulation data flow analysis
Time Resolution for simulation is 1ps
Compiling package xil_defaultlib.$unit_dataflow_monitor_sv
Compiling module xil_defaultlib.conv0_engine_p_ZZ12conv0_engineP...
Compiling module xil_defaultlib.conv0_engine_out_row_RAM_2P_BRAM...
Compiling module xil_defaultlib.conv0_engine_mac_muladd_5ns_5ns_...
Compiling module xil_defaultlib.conv0_engine_mac_muladd_5ns_5ns_...
Compiling module xil_defaultlib.conv0_engine_flow_control_loop_p...
Compiling module xil_defaultlib.conv0_engine_conv0_engine_Pipeli...
Compiling module xil_defaultlib.conv0_engine_conv0_engine_Pipeli...
Compiling module xil_defaultlib.conv0_engine_mul_2ns_18ns_20_1_1...
Compiling module xil_defaultlib.conv0_engine_urem_16ns_3ns_2_20_...
Compiling module xil_defaultlib.conv0_engine_urem_16ns_3ns_2_20_...
Compiling module xil_defaultlib.conv0_engine_mul_16ns_18ns_33_1_...
Compiling module xil_defaultlib.conv0_engine_conv0_engine_Pipeli...
Compiling module xil_defaultlib.conv0_engine_mul_32ns_34ns_65_2_...
Compiling module xil_defaultlib.conv0_engine_urem_32ns_3ns_2_36_...
Compiling module xil_defaultlib.conv0_engine_urem_32ns_3ns_2_36_...
Compiling module xil_defaultlib.conv0_engine_conv0_engine_Pipeli...
Compiling module xil_defaultlib.conv0_engine_mul_32s_32s_64_2_1(...
Compiling module xil_defaultlib.conv0_engine_urem_7ns_3ns_2_11_1...
Compiling module xil_defaultlib.conv0_engine_urem_7ns_3ns_2_11_1...
Compiling module xil_defaultlib.conv0_engine_mul_7ns_9ns_15_1_1(...
Compiling module xil_defaultlib.conv0_engine_sparsemux_7_2_8_1_1...
Compiling module xil_defaultlib.conv0_engine_sparsemux_9_2_8_1_1...
Compiling module xil_defaultlib.conv0_engine_mul_8s_8s_16_1_1(NU...
Compiling module xil_defaultlib.conv0_engine_sparsemux_9_2_32_1_...
Compiling module xil_defaultlib.conv0_engine_mul_32s_5s_36_2_1(N...
Compiling module xil_defaultlib.conv0_engine_sparsemux_7_2_64_1_...
Compiling module xil_defaultlib.conv0_engine_mac_muladd_8s_8s_16...
Compiling module xil_defaultlib.conv0_engine_mac_muladd_8s_8s_16...
Compiling module xil_defaultlib.conv0_engine_mac_muladd_8s_8s_17...
Compiling module xil_defaultlib.conv0_engine_mac_muladd_8s_8s_17...
Compiling module xil_defaultlib.conv0_engine_conv0_engine_Pipeli...
Compiling module xil_defaultlib.conv0_engine_conv0_engine_Pipeli...
Compiling module xil_defaultlib.conv0_engine_CTRL_s_axi
Compiling module xil_defaultlib.conv0_engine_RD_BUS_m_axi_srl(DA...
Compiling module xil_defaultlib.conv0_engine_RD_BUS_m_axi_fifo(D...
Compiling module xil_defaultlib.conv0_engine_RD_BUS_m_axi_mem(ME...
Compiling module xil_defaultlib.conv0_engine_RD_BUS_m_axi_fifo(M...
Compiling module xil_defaultlib.conv0_engine_RD_BUS_m_axi_load(N...
Compiling module xil_defaultlib.conv0_engine_RD_BUS_m_axi_reg_sl...
Compiling module xil_defaultlib.conv0_engine_RD_BUS_m_axi_burst_...
Compiling module xil_defaultlib.conv0_engine_RD_BUS_m_axi_reg_sl...
Compiling module xil_defaultlib.conv0_engine_RD_BUS_m_axi_srl(DA...
Compiling module xil_defaultlib.conv0_engine_RD_BUS_m_axi_fifo(D...
Compiling module xil_defaultlib.conv0_engine_RD_BUS_m_axi_read(C...
Compiling module xil_defaultlib.conv0_engine_RD_BUS_m_axi(CONSER...
Compiling module xil_defaultlib.conv0_engine_WR_BUS_m_axi_srl(DA...
Compiling module xil_defaultlib.conv0_engine_WR_BUS_m_axi_fifo(D...
Compiling module xil_defaultlib.conv0_engine_WR_BUS_m_axi_mem(ME...
Compiling module xil_defaultlib.conv0_engine_WR_BUS_m_axi_fifo(M...
Compiling module xil_defaultlib.conv0_engine_WR_BUS_m_axi_srl(DA...
Compiling module xil_defaultlib.conv0_engine_WR_BUS_m_axi_fifo(D...
Compiling module xil_defaultlib.conv0_engine_WR_BUS_m_axi_store(...
Compiling module xil_defaultlib.conv0_engine_WR_BUS_m_axi_reg_sl...
Compiling module xil_defaultlib.conv0_engine_WR_BUS_m_axi_burst_...
Compiling module xil_defaultlib.conv0_engine_WR_BUS_m_axi_srl(DA...
Compiling module xil_defaultlib.conv0_engine_WR_BUS_m_axi_fifo(D...
Compiling module xil_defaultlib.conv0_engine_WR_BUS_m_axi_reg_sl...
Compiling module xil_defaultlib.conv0_engine_WR_BUS_m_axi_srl(DA...
Compiling module xil_defaultlib.conv0_engine_WR_BUS_m_axi_fifo(D...
Compiling module xil_defaultlib.conv0_engine_WR_BUS_m_axi_srl(DA...
Compiling module xil_defaultlib.conv0_engine_WR_BUS_m_axi_fifo(D...
Compiling module xil_defaultlib.conv0_engine_WR_BUS_m_axi_thrott...
Compiling module xil_defaultlib.conv0_engine_WR_BUS_m_axi_reg_sl...
Compiling module xil_defaultlib.conv0_engine_WR_BUS_m_axi_write(...
Compiling module xil_defaultlib.conv0_engine_WR_BUS_m_axi(CONSER...
Compiling module xil_defaultlib.conv0_engine
Compiling module xil_defaultlib.AESL_axi_master_RD_BUS
Compiling module xil_defaultlib.AESL_axi_master_WR_BUS
Compiling module xil_defaultlib.AESL_axi_slave_CTRL
Compiling module xil_defaultlib.nodf_module_intf_default
Compiling module xil_defaultlib.seq_loop_intf(FSM_WIDTH=25)
Compiling module xil_defaultlib.upc_loop_intf(FSM_WIDTH=1)
Compiling module xil_defaultlib.upc_loop_intf(FSM_WIDTH=3)
Compiling module xil_defaultlib.dataflow_monitor_1
Compiling module xil_defaultlib.apatb_conv0_engine_top
Compiling module work.glbl
Built simulation snapshot conv0_engine

****** xsim v2024.2 (64-bit)
  **** SW Build 5239630 on Fri Nov 08 22:35:27 MST 2024
  **** IP Build 5239520 on Sun Nov 10 16:12:51 MST 2024
  **** SharedData Build 5239561 on Fri Nov 08 14:39:27 MST 2024
  **** Start of session at: Wed Aug 19 07:25:41 2026
    ** Copyright 1986-2022 Xilinx, Inc. All Rights Reserved.
    ** Copyright 2022-2024 Advanced Micro Devices, Inc. All Rights Reserved.

source xsim.dir/conv0_engine/xsim_script.tcl
# xsim {conv0_engine} -autoloadwcfg -tclbatch {conv0_engine.tcl}
Time resolution is 1 ps
source conv0_engine.tcl
## run all
////////////////////////////////////////////////////////////////////////////////////
// Inter-Transaction Progress: Completed Transaction / Total Transaction
// Intra-Transaction Progress: Measured Latency / Latency Estimation * 100%
//
// RTL Simulation : "Inter-Transaction Progress" ["Intra-Transaction Progress"] @ "Simulation Time"
////////////////////////////////////////////////////////////////////////////////////
// RTL Simulation : 0 / 1 [0.00%] @ "125000"
// RTL Simulation : 1 / 1 [100.00%] @ "762475000"
////////////////////////////////////////////////////////////////////////////////////
$finish called at time : 762535 ns : File "C:/Users/kccistc/Documents/final_project/hls/arty_96_classifier/conv0_engine/conv0_engine_prj/solution1/sim/verilog/conv0_engine.autotb.v" Line 613
run: Time (s): cpu = 00:00:00 ; elapsed = 00:00:07 . Memory (MB): peak = 203.059 ; gain = 0.000
## quit
INFO: [Common 17-206] Exiting xsim at Wed Aug 19 07:25:50 2026...
INFO: [COSIM 212-316] Starting C post checking ...
=== COSIM: conv0 3->16, pre-padded 50x98 (out 48x96) ===
[conv0-cosim 50x98] PASS: 73728 output values matched the reference bit-exactly (pre-padded 98x50x3 -> 96x48x16, k=3, pad=0)
COSIM CONFIG PASS
INFO: [COSIM 212-1000] *** C/RTL co-simulation finished: PASS ***
INFO: [COSIM 212-211] II is measurable only when transaction number is greater than 1 in RTL simulation. Otherwise, they will be marked as all NA. If user wants to calculate them, please make sure there are at least 2 transactions in RTL simulation.
INFO: [HLS 200-2161] Finished Command cosim_design Elapsed time: 00:00:44; Allocated memory: 8.664 MB.

==> DONE. PASS 표시와 종료 코드로 판정할 것.
INFO: [HLS 200-1510] Running: close_project 
INFO: [HLS 200-112] Total CPU user time: 28 seconds. Total CPU system time: 6 seconds. Total elapsed time: 101.074 seconds; peak allocated memory: 969.953 MB.
