
****** Vitis HLS - High-Level Synthesis from C, C++ and OpenCL v2024.2 (64-bit)
  **** SW Build 5238294 on Nov  8 2024
  **** IP Build 5239520 on Sun Nov 10 16:12:51 MST 2024
  **** SharedData Build 5239561 on Fri Nov 08 14:39:27 MST 2024
  **** Start of session at: Wed Aug 19 10:39:18 2026
    ** Copyright 1986-2022 Xilinx, Inc. All Rights Reserved.
    ** Copyright 2022-2024 Advanced Micro Devices, Inc. All Rights Reserved.

source C:/Xilinx/Vitis/2024.2/scripts/vitis_hls/hls.tcl -notrace
INFO: [HLS 200-10] For user 'kccistc' on host 'desktop-7cfq9nd' (Windows NT_amd64 version 10.0) on Wed Aug 19 10:39:19 +0900 2026
INFO: [HLS 200-10] In directory 'C:/Users/kccistc/Documents/final_project/hls/arty_96_classifier/maxpool_engine'
WARNING: [HLS 200-2053] The vitis_hls executable is deprecated. Consider using vitis-run --mode hls --tcl
Sourcing Tcl script 'run_hls.tcl'
INFO: [HLS 200-1510] Running: open_project -reset maxpool_engine_prj 
INFO: [HLS 200-10] Opening and resetting project 'C:/Users/kccistc/Documents/final_project/hls/arty_96_classifier/maxpool_engine/maxpool_engine_prj'.
INFO: [HLS 200-1510] Running: add_files C:/Users/kccistc/Documents/final_project/hls/arty_96_classifier/maxpool_engine/HW/maxpool_engine.cpp 
INFO: [HLS 200-10] Adding design file 'C:/Users/kccistc/Documents/final_project/hls/arty_96_classifier/maxpool_engine/HW/maxpool_engine.cpp' to the project
INFO: [HLS 200-1510] Running: add_files -tb C:/Users/kccistc/Documents/final_project/hls/arty_96_classifier/maxpool_engine/HW/maxpool_engine_tb.cpp 
INFO: [HLS 200-10] Adding test bench file 'C:/Users/kccistc/Documents/final_project/hls/arty_96_classifier/maxpool_engine/HW/maxpool_engine_tb.cpp' to the project
INFO: [HLS 200-1510] Running: set_top maxpool_engine 
INFO: [HLS 200-1510] Running: open_solution -reset solution1 
INFO: [HLS 200-10] Creating and opening solution 'C:/Users/kccistc/Documents/final_project/hls/arty_96_classifier/maxpool_engine/maxpool_engine_prj/solution1'.
INFO: [HLS 200-10] Cleaning up the solution database.
INFO: [HLS 200-1505] Using default flow_target 'vivado'
Resolution: For help on HLS 200-1505 see docs.xilinx.com/access/sources/dita/topic?Doc_Version=2024.2%20English&url=ug1448-hls-guidance&resourceid=200-1505.html
INFO: [HLS 200-1510] Running: set_part xc7z020clg400-1 
INFO: [HLS 200-1611] Setting target device to 'xc7z020-clg400-1'
INFO: [HLS 200-1510] Running: create_clock -period 10.0 -name default 
INFO: [SYN 201-201] Setting up clock 'default' with a period of 10ns.
INFO: [HLS 200-1510] Running: set_clock_uncertainty 2.7 
INFO: [SYN 201-201] Setting up clock 'default' with an uncertainty of 2.7ns.

==> C Simulation - expect the three classifier pool shapes plus the odd-dimension extra to print PASS, then "CLASSIFIER MAXPOOL SUITE PASS".
INFO: [HLS 200-1510] Running: csim_design 
INFO: [SIM 211-2] *************** CSIM start ***************
INFO: [SIM 211-4] CSIM will launch CLANG as the compiler.
INFO: [HLS 200-2036] Building debug C Simulation binaries
   Compiling ../../../../HW/maxpool_engine_tb.cpp in debug mode
   Compiling ../../../../HW/maxpool_engine.cpp in debug mode
   Generating csim.exe
In file included from ../../../../HW/maxpool_engine_tb.cpp:20:
In file included from ../../../../HW/maxpool_engine.h:4:
In file included from C:/Xilinx/Vitis/2024.2/include/ap_int.h:10:
In file included from C:/Xilinx/Vitis/2024.2/include/etc/ap_common.h:658:
In file included from C:/Xilinx/Vitis/2024.2/include/etc/ap_private.h:68:
In file included from C:/Xilinx/Vitis/2024.2/include/hls_half.h:26:
In file included from C:/Xilinx/Vitis/2024.2/include/etc/hls_half_fpo.h:19:
In file included from C:/Xilinx/Vitis/2024.2/include/hls_fpo.h:140:
In file included from C:/Xilinx/Vitis/2024.2/include/floating_point_v7_1_bitacc_cmodel.h:150:
C:/Xilinx/Vitis/2024.2/include/gmp.h:58:9: warning: '__GMP_LIBGMP_DLL' macro redefined [-Wmacro-redefined]
#define __GMP_LIBGMP_DLL  0
        ^
C:/Xilinx/Vitis/2024.2/include/floating_point_v7_1_bitacc_cmodel.h:142:9: note: previous definition is here
#define __GMP_LIBGMP_DLL 1
        ^
1 warning generated.
In file included from ../../../../HW/maxpool_engine.cpp:1:
In file included from ../../../../HW/maxpool_engine.h:4:
In file included from C:/Xilinx/Vitis/2024.2/include/ap_int.h:10:
In file included from C:/Xilinx/Vitis/2024.2/include/etc/ap_common.h:658:
In file included from C:/Xilinx/Vitis/2024.2/include/etc/ap_private.h:68:
In file included from C:/Xilinx/Vitis/2024.2/include/hls_half.h:26:
In file included from C:/Xilinx/Vitis/2024.2/include/etc/hls_half_fpo.h:19:
In file included from C:/Xilinx/Vitis/2024.2/include/hls_fpo.h:140:
In file included from C:/Xilinx/Vitis/2024.2/include/floating_point_v7_1_bitacc_cmodel.h:150:
C:/Xilinx/Vitis/2024.2/include/gmp.h:58:9: warning: '__GMP_LIBGMP_DLL' macro redefined [-Wmacro-redefined]
#define __GMP_LIBGMP_DLL  0
        ^
C:/Xilinx/Vitis/2024.2/include/floating_point_v7_1_bitacc_cmodel.h:142:9: note: previous definition is here
#define __GMP_LIBGMP_DLL 1
        ^
1 warning generated.
[pool0 (96x96x16)] PASS: 36864 output values matched the reference bit-exactly (img 96x96x16 -> 48x48x16, stride=2, pad_right=0, pad_bottom=0)
[pool1 (48x48x32)] PASS: 18432 output values matched the reference bit-exactly (img 48x48x32 -> 24x24x32, stride=2, pad_right=0, pad_bottom=0)
[pool2 (24x24x64)] PASS: 9216 output values matched the reference bit-exactly (img 24x24x64 -> 12x12x64, stride=2, pad_right=0, pad_bottom=0)
[extra: odd 15x15x16] PASS: 784 output values matched the reference bit-exactly (img 15x15x16 -> 7x7x16, stride=2, pad_right=0, pad_bottom=0)
CLASSIFIER MAXPOOL SUITE PASS (4 shapes)
INFO: [SIM 211-1] CSim done with 0 errors.
INFO: [SIM 211-3] *************** CSIM finish ***************
INFO: [HLS 200-2161] Finished Command csim_design Elapsed time: 00:00:04; Allocated memory: 0.543 MB.

==> C Synthesis - report lands in maxpool_engine_prj/solution1/syn/report/maxpool_engine_csynth.rpt. 
 Watch BRAM specifically. MAX_ROW_WORDS dropped 2048 -> 512 and MAX_IMG_W / MAX_CH dropped 512 -> 64, so the row-buffer path should cost roughly a quarter of what it did in the YOLO build. If BRAM did NOT move, the row buffers are not being sized from these constants and the change bought nothing - check maxpool_engine.cpp before assuming a win.
INFO: [HLS 200-1510] Running: csynth_design 
INFO: [HLS 200-111] Finished File checks and directory preparation: CPU user time: 0 seconds. CPU system time: 0 seconds. Elapsed time: 0.082 seconds; current allocated memory: 608.840 MB.
INFO: [HLS 200-10] Analyzing design file 'HW/maxpool_engine.cpp' ... 
INFO: [HLS 200-111] Finished Source Code Analysis and Preprocessing: CPU user time: 0 seconds. CPU system time: 1 seconds. Elapsed time: 3.422 seconds; current allocated memory: 611.562 MB.
INFO: [HLS 200-777] Using interface defaults for 'Vivado' flow target.
INFO: [HLS 200-1995] There were 1,448 instructions in the design after the 'Compile/Link' phase of compilation. See the Design Size Report for more details: C:/Users/kccistc/Documents/final_project/hls/arty_96_classifier/maxpool_engine/maxpool_engine_prj/solution1/syn/report/csynth_design_size.rpt
INFO: [HLS 200-1995] There were 376 instructions in the design after the 'Unroll/Inline (step 1)' phase of compilation. See the Design Size Report for more details: C:/Users/kccistc/Documents/final_project/hls/arty_96_classifier/maxpool_engine/maxpool_engine_prj/solution1/syn/report/csynth_design_size.rpt
INFO: [HLS 200-1995] There were 288 instructions in the design after the 'Unroll/Inline (step 2)' phase of compilation. See the Design Size Report for more details: C:/Users/kccistc/Documents/final_project/hls/arty_96_classifier/maxpool_engine/maxpool_engine_prj/solution1/syn/report/csynth_design_size.rpt
INFO: [HLS 200-1995] There were 298 instructions in the design after the 'Unroll/Inline (step 3)' phase of compilation. See the Design Size Report for more details: C:/Users/kccistc/Documents/final_project/hls/arty_96_classifier/maxpool_engine/maxpool_engine_prj/solution1/syn/report/csynth_design_size.rpt
INFO: [HLS 200-1995] There were 295 instructions in the design after the 'Unroll/Inline (step 4)' phase of compilation. See the Design Size Report for more details: C:/Users/kccistc/Documents/final_project/hls/arty_96_classifier/maxpool_engine/maxpool_engine_prj/solution1/syn/report/csynth_design_size.rpt
INFO: [HLS 200-1995] There were 291 instructions in the design after the 'Array/Struct (step 1)' phase of compilation. See the Design Size Report for more details: C:/Users/kccistc/Documents/final_project/hls/arty_96_classifier/maxpool_engine/maxpool_engine_prj/solution1/syn/report/csynth_design_size.rpt
INFO: [HLS 200-1995] There were 291 instructions in the design after the 'Array/Struct (step 2)' phase of compilation. See the Design Size Report for more details: C:/Users/kccistc/Documents/final_project/hls/arty_96_classifier/maxpool_engine/maxpool_engine_prj/solution1/syn/report/csynth_design_size.rpt
INFO: [HLS 200-1995] There were 291 instructions in the design after the 'Array/Struct (step 3)' phase of compilation. See the Design Size Report for more details: C:/Users/kccistc/Documents/final_project/hls/arty_96_classifier/maxpool_engine/maxpool_engine_prj/solution1/syn/report/csynth_design_size.rpt
INFO: [HLS 200-1995] There were 291 instructions in the design after the 'Array/Struct (step 4)' phase of compilation. See the Design Size Report for more details: C:/Users/kccistc/Documents/final_project/hls/arty_96_classifier/maxpool_engine/maxpool_engine_prj/solution1/syn/report/csynth_design_size.rpt
INFO: [HLS 200-1995] There were 318 instructions in the design after the 'Array/Struct (step 5)' phase of compilation. See the Design Size Report for more details: C:/Users/kccistc/Documents/final_project/hls/arty_96_classifier/maxpool_engine/maxpool_engine_prj/solution1/syn/report/csynth_design_size.rpt
INFO: [HLS 200-1995] There were 323 instructions in the design after the 'Performance (step 1)' phase of compilation. See the Design Size Report for more details: C:/Users/kccistc/Documents/final_project/hls/arty_96_classifier/maxpool_engine/maxpool_engine_prj/solution1/syn/report/csynth_design_size.rpt
INFO: [HLS 200-1995] There were 323 instructions in the design after the 'Performance (step 2)' phase of compilation. See the Design Size Report for more details: C:/Users/kccistc/Documents/final_project/hls/arty_96_classifier/maxpool_engine/maxpool_engine_prj/solution1/syn/report/csynth_design_size.rpt
INFO: [HLS 200-1995] There were 319 instructions in the design after the 'Performance (step 3)' phase of compilation. See the Design Size Report for more details: C:/Users/kccistc/Documents/final_project/hls/arty_96_classifier/maxpool_engine/maxpool_engine_prj/solution1/syn/report/csynth_design_size.rpt
INFO: [HLS 200-1995] There were 319 instructions in the design after the 'Performance (step 4)' phase of compilation. See the Design Size Report for more details: C:/Users/kccistc/Documents/final_project/hls/arty_96_classifier/maxpool_engine/maxpool_engine_prj/solution1/syn/report/csynth_design_size.rpt
INFO: [HLS 200-1995] There were 348 instructions in the design after the 'HW Transforms (step 1)' phase of compilation. See the Design Size Report for more details: C:/Users/kccistc/Documents/final_project/hls/arty_96_classifier/maxpool_engine/maxpool_engine_prj/solution1/syn/report/csynth_design_size.rpt
INFO: [HLS 200-1995] There were 363 instructions in the design after the 'HW Transforms (step 2)' phase of compilation. See the Design Size Report for more details: C:/Users/kccistc/Documents/final_project/hls/arty_96_classifier/maxpool_engine/maxpool_engine_prj/solution1/syn/report/csynth_design_size.rpt
INFO: [HLS 214-131] Inlining function 'pack4_set(ap_uint<32>&, unsigned int, ap_int<8>)' into 'maxpool_engine(ap_uint<32> const*, ap_uint<32>*, unsigned short, unsigned short, unsigned short, unsigned char, unsigned char, unsigned char)' (HW/maxpool_engine.cpp:306:37)
INFO: [HLS 214-131] Inlining function 'pack4_get(ap_uint<32>, unsigned int)' into 'maxpool_engine(ap_uint<32> const*, ap_uint<32>*, unsigned short, unsigned short, unsigned short, unsigned char, unsigned char, unsigned char)' (HW/maxpool_engine.cpp:298:43)
INFO: [HLS 214-291] Loop 'RB_LANES' is marked as complete unroll implied by the pipeline pragma (HW/maxpool_engine.cpp:214:17)
INFO: [HLS 214-291] Loop 'MAXPOOL_LANES' is marked as complete unroll implied by the pipeline pragma (HW/maxpool_engine.cpp:290:29)
INFO: [HLS 214-186] Unrolling loop 'RB_LANES' (HW/maxpool_engine.cpp:214:17) in function 'maxpool_engine' completely with a factor of 4 (HW/maxpool_engine.cpp:10:0)
INFO: [HLS 214-186] Unrolling loop 'MAXPOOL_LANES' (HW/maxpool_engine.cpp:290:29) in function 'maxpool_engine' completely with a factor of 4 (HW/maxpool_engine.cpp:10:0)
INFO: [HLS 214-437] Automatically disabling loop flattening for loop 'VITIS_LOOP_266_2'. (HW/maxpool_engine.cpp:266:35)
INFO: [HLS 214-115] Multiple burst reads of variable length and bit width 32 in loop 'RB_LOAD0'(HW/maxpool_engine.cpp:186:13) has been inferred on bundle 'RD_BUS'. These burst requests might be further partitioned into multiple requests during RTL generation, based on max_read_burst_length or max_write_burst_length settings. (HW/maxpool_engine.cpp:186:13)
INFO: [HLS 214-115] Multiple burst reads of variable length and bit width 32 in loop 'RB_LOAD1'(HW/maxpool_engine.cpp:192:13) has been inferred on bundle 'RD_BUS'. These burst requests might be further partitioned into multiple requests during RTL generation, based on max_read_burst_length or max_write_burst_length settings. (HW/maxpool_engine.cpp:192:13)
INFO: [HLS 214-115] Multiple burst writes of variable length and bit width 32 in loop 'RB_COMPUTE'(HW/maxpool_engine.cpp:205:13) has been inferred on bundle 'WR_BUS'. These burst requests might be further partitioned into multiple requests during RTL generation, based on max_read_burst_length or max_write_burst_length settings. (HW/maxpool_engine.cpp:205:13)
INFO: [HLS 214-115] Multiple burst writes of variable length and bit width 32 has been inferred on bundle 'WR_BUS'. These burst requests might be further partitioned into multiple requests during RTL generation, based on max_read_burst_length or max_write_burst_length settings. (HW/maxpool_engine.cpp:244:9)
INFO: [HLS 214-115] Multiple burst reads of variable length and bit width 32 in loop 'MAXPOOL_UPDATE'(HW/maxpool_engine.cpp:276:21) has been inferred on bundle 'RD_BUS'. These burst requests might be further partitioned into multiple requests during RTL generation, based on max_read_burst_length or max_write_burst_length settings. (HW/maxpool_engine.cpp:276:21)
INFO: [HLS 200-111] Finished Compiling Optimization and Transform: CPU user time: 0 seconds. CPU system time: 0 seconds. Elapsed time: 7.891 seconds; current allocated memory: 613.746 MB.
INFO: [HLS 200-111] Finished Checking Pragmas: CPU user time: 0 seconds. CPU system time: 0 seconds. Elapsed time: 0.003 seconds; current allocated memory: 613.746 MB.
INFO: [HLS 200-10] Starting code transformations ...
INFO: [HLS 200-111] Finished Standard Transforms: CPU user time: 0 seconds. CPU system time: 0 seconds. Elapsed time: 0.122 seconds; current allocated memory: 619.039 MB.
INFO: [HLS 200-10] Checking synthesizability ...
INFO: [HLS 200-111] Finished Checking Synthesizability: CPU user time: 0 seconds. CPU system time: 0 seconds. Elapsed time: 0.055 seconds; current allocated memory: 620.641 MB.
INFO: [XFORM 203-401] Performing if-conversion on hyperblock to (HW/maxpool_engine.cpp:310:25) in function 'maxpool_engine'... converting 13 basic blocks.
INFO: [HLS 200-111] Finished Loop, function and other optimizations: CPU user time: 0 seconds. CPU system time: 0 seconds. Elapsed time: 0.141 seconds; current allocated memory: 643.512 MB.
INFO: [HLS 200-111] Finished Architecture Synthesis: CPU user time: 0 seconds. CPU system time: 0 seconds. Elapsed time: 0.168 seconds; current allocated memory: 689.121 MB.
INFO: [HLS 200-10] Starting hardware synthesis ...
INFO: [HLS 200-10] Synthesizing 'maxpool_engine' ...
INFO: [HLS 200-10] ----------------------------------------------------------------
INFO: [HLS 200-42] -- Implementing module 'maxpool_engine_Pipeline_MAXPOOL_INIT' 
INFO: [HLS 200-10] ----------------------------------------------------------------
INFO: [SCHED 204-11] Starting scheduling ...
INFO: [SCHED 204-61] Pipelining loop 'MAXPOOL_INIT'.
INFO: [HLS 200-1470] Pipelining result : Target II = 1, Final II = 1, Depth = 1, loop 'MAXPOOL_INIT'
INFO: [SCHED 204-11] Finished scheduling.
INFO: [HLS 200-111] Finished Scheduling: CPU user time: 0 seconds. CPU system time: 0 seconds. Elapsed time: 0.232 seconds; current allocated memory: 692.555 MB.
INFO: [BIND 205-100] Starting micro-architecture generation ...
INFO: [BIND 205-101] Performing variable lifetime analysis.
INFO: [BIND 205-101] Exploring resource sharing.
INFO: [BIND 205-101] Binding ...
INFO: [BIND 205-100] Finished micro-architecture generation.
INFO: [HLS 200-111] Finished Binding: CPU user time: 0 seconds. CPU system time: 0 seconds. Elapsed time: 0.075 seconds; current allocated memory: 693.602 MB.
INFO: [HLS 200-10] ----------------------------------------------------------------
INFO: [HLS 200-42] -- Implementing module 'maxpool_engine_Pipeline_MAXPOOL_UPDATE' 
INFO: [HLS 200-10] ----------------------------------------------------------------
INFO: [SCHED 204-11] Starting scheduling ...
INFO: [SCHED 204-61] Pipelining loop 'MAXPOOL_UPDATE'.
INFO: [HLS 200-1470] Pipelining result : Target II = 1, Final II = 1, Depth = 4, loop 'MAXPOOL_UPDATE'
INFO: [SCHED 204-11] Finished scheduling.
INFO: [HLS 200-111] Finished Scheduling: CPU user time: 1 seconds. CPU system time: 0 seconds. Elapsed time: 0.114 seconds; current allocated memory: 693.809 MB.
INFO: [BIND 205-100] Starting micro-architecture generation ...
INFO: [BIND 205-101] Performing variable lifetime analysis.
INFO: [BIND 205-101] Exploring resource sharing.
INFO: [BIND 205-101] Binding ...
INFO: [BIND 205-100] Finished micro-architecture generation.
INFO: [HLS 200-111] Finished Binding: CPU user time: 0 seconds. CPU system time: 0 seconds. Elapsed time: 0.073 seconds; current allocated memory: 694.070 MB.
INFO: [HLS 200-10] ----------------------------------------------------------------
INFO: [HLS 200-42] -- Implementing module 'maxpool_engine_Pipeline_MAXPOOL_WRITE' 
INFO: [HLS 200-10] ----------------------------------------------------------------
INFO: [SCHED 204-11] Starting scheduling ...
INFO: [SCHED 204-61] Pipelining loop 'MAXPOOL_WRITE'.
INFO: [HLS 200-1470] Pipelining result : Target II = 1, Final II = 1, Depth = 3, loop 'MAXPOOL_WRITE'
INFO: [SCHED 204-11] Finished scheduling.
INFO: [HLS 200-111] Finished Scheduling: CPU user time: 0 seconds. CPU system time: 0 seconds. Elapsed time: 0.105 seconds; current allocated memory: 694.129 MB.
INFO: [BIND 205-100] Starting micro-architecture generation ...
INFO: [BIND 205-101] Performing variable lifetime analysis.
INFO: [BIND 205-101] Exploring resource sharing.
INFO: [BIND 205-101] Binding ...
INFO: [BIND 205-100] Finished micro-architecture generation.
INFO: [HLS 200-111] Finished Binding: CPU user time: 0 seconds. CPU system time: 0 seconds. Elapsed time: 0.064 seconds; current allocated memory: 694.129 MB.
INFO: [HLS 200-10] ----------------------------------------------------------------
INFO: [HLS 200-42] -- Implementing module 'maxpool_engine_Pipeline_RB_LOAD0' 
INFO: [HLS 200-10] ----------------------------------------------------------------
INFO: [SCHED 204-11] Starting scheduling ...
INFO: [SCHED 204-61] Pipelining loop 'RB_LOAD0'.
INFO: [HLS 200-1470] Pipelining result : Target II = 1, Final II = 1, Depth = 3, loop 'RB_LOAD0'
INFO: [SCHED 204-11] Finished scheduling.
INFO: [HLS 200-111] Finished Scheduling: CPU user time: 0 seconds. CPU system time: 0 seconds. Elapsed time: 0.098 seconds; current allocated memory: 694.297 MB.
INFO: [BIND 205-100] Starting micro-architecture generation ...
INFO: [BIND 205-101] Performing variable lifetime analysis.
INFO: [BIND 205-101] Exploring resource sharing.
INFO: [BIND 205-101] Binding ...
INFO: [BIND 205-100] Finished micro-architecture generation.
INFO: [HLS 200-111] Finished Binding: CPU user time: 0 seconds. CPU system time: 0 seconds. Elapsed time: 0.064 seconds; current allocated memory: 694.297 MB.
INFO: [HLS 200-10] ----------------------------------------------------------------
INFO: [HLS 200-42] -- Implementing module 'maxpool_engine_Pipeline_RB_LOAD1' 
INFO: [HLS 200-10] ----------------------------------------------------------------
INFO: [SCHED 204-11] Starting scheduling ...
INFO: [SCHED 204-61] Pipelining loop 'RB_LOAD1'.
INFO: [HLS 200-1470] Pipelining result : Target II = 1, Final II = 1, Depth = 3, loop 'RB_LOAD1'
INFO: [SCHED 204-11] Finished scheduling.
INFO: [HLS 200-111] Finished Scheduling: CPU user time: 0 seconds. CPU system time: 0 seconds. Elapsed time: 0.092 seconds; current allocated memory: 694.473 MB.
INFO: [BIND 205-100] Starting micro-architecture generation ...
INFO: [BIND 205-101] Performing variable lifetime analysis.
INFO: [BIND 205-101] Exploring resource sharing.
INFO: [BIND 205-101] Binding ...
INFO: [BIND 205-100] Finished micro-architecture generation.
INFO: [HLS 200-111] Finished Binding: CPU user time: 0 seconds. CPU system time: 0 seconds. Elapsed time: 0.072 seconds; current allocated memory: 694.539 MB.
INFO: [HLS 200-10] ----------------------------------------------------------------
INFO: [HLS 200-42] -- Implementing module 'maxpool_engine_Pipeline_RB_COMPUTE' 
INFO: [HLS 200-10] ----------------------------------------------------------------
INFO: [SCHED 204-11] Starting scheduling ...
INFO: [SCHED 204-61] Pipelining loop 'RB_COMPUTE'.
INFO: [HLS 200-1470] Pipelining result : Target II = 1, Final II = 1, Depth = 5, loop 'RB_COMPUTE'
WARNING: [HLS 200-871] Estimated clock period (7.390 ns) exceeds the target (target clock period: 10.000 ns, clock uncertainty: 2.700 ns, effective delay budget: 7.300 ns).
Resolution: For help on HLS 200-871 see docs.xilinx.com/access/sources/dita/topic?Doc_Version=2024.2%20English&url=ug1448-hls-guidance&resourceid=200-871.html
WARNING: [HLS 200-1016] The critical path in module 'maxpool_engine_Pipeline_RB_COMPUTE' consists of the following:
	'load' operation 32 bit ('w_load', HW/maxpool_engine.cpp:205) on local variable 'w', HW/maxpool_engine.cpp:202 [34]  (0.000 ns)
	'add' operation 32 bit ('w', HW/maxpool_engine.cpp:228) [97]  (2.552 ns)
	'icmp' operation 1 bit ('icmp_ln228', HW/maxpool_engine.cpp:228) [98]  (2.552 ns)
	'select' operation 32 bit ('col_in', HW/maxpool_engine.cpp:228) [101]  (0.698 ns)
	'store' operation 0 bit ('col_in_write_ln203', HW/maxpool_engine.cpp:203) of variable 'col_in', HW/maxpool_engine.cpp:228 on local variable 'col_in', HW/maxpool_engine.cpp:203 [103]  (1.588 ns)

Resolution: For help on HLS 200-1016 see docs.xilinx.com/access/sources/dita/topic?Doc_Version=2024.2%20English&url=ug1448-hls-guidance&resourceid=200-1016.html
INFO: [SCHED 204-11] Finished scheduling.
INFO: [HLS 200-111] Finished Scheduling: CPU user time: 0 seconds. CPU system time: 0 seconds. Elapsed time: 0.145 seconds; current allocated memory: 695.172 MB.
INFO: [BIND 205-100] Starting micro-architecture generation ...
INFO: [BIND 205-101] Performing variable lifetime analysis.
INFO: [BIND 205-101] Exploring resource sharing.
INFO: [BIND 205-101] Binding ...
INFO: [BIND 205-100] Finished micro-architecture generation.
INFO: [HLS 200-111] Finished Binding: CPU user time: 0 seconds. CPU system time: 0 seconds. Elapsed time: 0.088 seconds; current allocated memory: 695.289 MB.
INFO: [HLS 200-10] ----------------------------------------------------------------
INFO: [HLS 200-42] -- Implementing module 'maxpool_engine' 
INFO: [HLS 200-10] ----------------------------------------------------------------
INFO: [SCHED 204-11] Starting scheduling ...
INFO: [SCHED 204-11] Finished scheduling.
INFO: [HLS 200-111] Finished Scheduling: CPU user time: 0 seconds. CPU system time: 0 seconds. Elapsed time: 0.192 seconds; current allocated memory: 698.176 MB.
INFO: [BIND 205-100] Starting micro-architecture generation ...
INFO: [BIND 205-101] Performing variable lifetime analysis.
INFO: [BIND 205-101] Exploring resource sharing.
INFO: [BIND 205-101] Binding ...
INFO: [BIND 205-100] Finished micro-architecture generation.
INFO: [HLS 200-111] Finished Binding: CPU user time: 0 seconds. CPU system time: 0 seconds. Elapsed time: 0.105 seconds; current allocated memory: 698.684 MB.
INFO: [HLS 200-10] ----------------------------------------------------------------
INFO: [HLS 200-10] -- Generating RTL for module 'maxpool_engine_Pipeline_MAXPOOL_INIT' 
INFO: [HLS 200-10] ----------------------------------------------------------------
INFO: [RTGEN 206-100] Finished creating RTL model for 'maxpool_engine_Pipeline_MAXPOOL_INIT'.
INFO: [HLS 200-111] Finished Creating RTL model: CPU user time: 0 seconds. CPU system time: 0 seconds. Elapsed time: 0.126 seconds; current allocated memory: 700.281 MB.
INFO: [HLS 200-10] ----------------------------------------------------------------
INFO: [HLS 200-10] -- Generating RTL for module 'maxpool_engine_Pipeline_MAXPOOL_UPDATE' 
INFO: [HLS 200-10] ----------------------------------------------------------------
INFO: [HLS 200-1030] Apply Unified Pipeline Control on module 'maxpool_engine_Pipeline_MAXPOOL_UPDATE' pipeline 'MAXPOOL_UPDATE' pipeline type 'loop pipeline'
WARNING: [RTGEN 206-101] Setting dangling out port 'maxpool_engine_Pipeline_MAXPOOL_UPDATE/m_axi_RD_BUS_0_ARVALID' to 0.
WARNING: [RTGEN 206-101] Setting dangling out port 'maxpool_engine_Pipeline_MAXPOOL_UPDATE/m_axi_RD_BUS_0_ARADDR' to 0.
WARNING: [RTGEN 206-101] Setting dangling out port 'maxpool_engine_Pipeline_MAXPOOL_UPDATE/m_axi_RD_BUS_0_ARID' to 0.
WARNING: [RTGEN 206-101] Setting dangling out port 'maxpool_engine_Pipeline_MAXPOOL_UPDATE/m_axi_RD_BUS_0_ARLEN' to 0.
WARNING: [RTGEN 206-101] Setting dangling out port 'maxpool_engine_Pipeline_MAXPOOL_UPDATE/m_axi_RD_BUS_0_ARSIZE' to 0.
WARNING: [RTGEN 206-101] Setting dangling out port 'maxpool_engine_Pipeline_MAXPOOL_UPDATE/m_axi_RD_BUS_0_ARBURST' to 0.
WARNING: [RTGEN 206-101] Setting dangling out port 'maxpool_engine_Pipeline_MAXPOOL_UPDATE/m_axi_RD_BUS_0_ARLOCK' to 0.
WARNING: [RTGEN 206-101] Setting dangling out port 'maxpool_engine_Pipeline_MAXPOOL_UPDATE/m_axi_RD_BUS_0_ARCACHE' to 0.
WARNING: [RTGEN 206-101] Setting dangling out port 'maxpool_engine_Pipeline_MAXPOOL_UPDATE/m_axi_RD_BUS_0_ARPROT' to 0.
WARNING: [RTGEN 206-101] Setting dangling out port 'maxpool_engine_Pipeline_MAXPOOL_UPDATE/m_axi_RD_BUS_0_ARQOS' to 0.
WARNING: [RTGEN 206-101] Setting dangling out port 'maxpool_engine_Pipeline_MAXPOOL_UPDATE/m_axi_RD_BUS_0_ARREGION' to 0.
WARNING: [RTGEN 206-101] Setting dangling out port 'maxpool_engine_Pipeline_MAXPOOL_UPDATE/m_axi_RD_BUS_0_ARUSER' to 0.
INFO: [RTGEN 206-100] Finished creating RTL model for 'maxpool_engine_Pipeline_MAXPOOL_UPDATE'.
INFO: [HLS 200-111] Finished Creating RTL model: CPU user time: 0 seconds. CPU system time: 0 seconds. Elapsed time: 0.313 seconds; current allocated memory: 702.148 MB.
INFO: [HLS 200-10] ----------------------------------------------------------------
INFO: [HLS 200-10] -- Generating RTL for module 'maxpool_engine_Pipeline_MAXPOOL_WRITE' 
INFO: [HLS 200-10] ----------------------------------------------------------------
INFO: [HLS 200-1030] Apply Unified Pipeline Control on module 'maxpool_engine_Pipeline_MAXPOOL_WRITE' pipeline 'MAXPOOL_WRITE' pipeline type 'loop pipeline'
WARNING: [RTGEN 206-101] Setting dangling out port 'maxpool_engine_Pipeline_MAXPOOL_WRITE/m_axi_WR_BUS_0_AWVALID' to 0.
WARNING: [RTGEN 206-101] Setting dangling out port 'maxpool_engine_Pipeline_MAXPOOL_WRITE/m_axi_WR_BUS_0_AWADDR' to 0.
WARNING: [RTGEN 206-101] Setting dangling out port 'maxpool_engine_Pipeline_MAXPOOL_WRITE/m_axi_WR_BUS_0_AWID' to 0.
WARNING: [RTGEN 206-101] Setting dangling out port 'maxpool_engine_Pipeline_MAXPOOL_WRITE/m_axi_WR_BUS_0_AWLEN' to 0.
WARNING: [RTGEN 206-101] Setting dangling out port 'maxpool_engine_Pipeline_MAXPOOL_WRITE/m_axi_WR_BUS_0_AWSIZE' to 0.
WARNING: [RTGEN 206-101] Setting dangling out port 'maxpool_engine_Pipeline_MAXPOOL_WRITE/m_axi_WR_BUS_0_AWBURST' to 0.
WARNING: [RTGEN 206-101] Setting dangling out port 'maxpool_engine_Pipeline_MAXPOOL_WRITE/m_axi_WR_BUS_0_AWLOCK' to 0.
WARNING: [RTGEN 206-101] Setting dangling out port 'maxpool_engine_Pipeline_MAXPOOL_WRITE/m_axi_WR_BUS_0_AWCACHE' to 0.
WARNING: [RTGEN 206-101] Setting dangling out port 'maxpool_engine_Pipeline_MAXPOOL_WRITE/m_axi_WR_BUS_0_AWPROT' to 0.
WARNING: [RTGEN 206-101] Setting dangling out port 'maxpool_engine_Pipeline_MAXPOOL_WRITE/m_axi_WR_BUS_0_AWQOS' to 0.
WARNING: [RTGEN 206-101] Setting dangling out port 'maxpool_engine_Pipeline_MAXPOOL_WRITE/m_axi_WR_BUS_0_AWREGION' to 0.
WARNING: [RTGEN 206-101] Setting dangling out port 'maxpool_engine_Pipeline_MAXPOOL_WRITE/m_axi_WR_BUS_0_AWUSER' to 0.
WARNING: [RTGEN 206-101] Setting dangling out port 'maxpool_engine_Pipeline_MAXPOOL_WRITE/m_axi_WR_BUS_0_BREADY' to 0.
INFO: [RTGEN 206-100] Finished creating RTL model for 'maxpool_engine_Pipeline_MAXPOOL_WRITE'.
INFO: [HLS 200-111] Finished Creating RTL model: CPU user time: 0 seconds. CPU system time: 0 seconds. Elapsed time: 0.428 seconds; current allocated memory: 703.469 MB.
INFO: [HLS 200-10] ----------------------------------------------------------------
INFO: [HLS 200-10] -- Generating RTL for module 'maxpool_engine_Pipeline_RB_LOAD0' 
INFO: [HLS 200-10] ----------------------------------------------------------------
INFO: [HLS 200-1030] Apply Unified Pipeline Control on module 'maxpool_engine_Pipeline_RB_LOAD0' pipeline 'RB_LOAD0' pipeline type 'loop pipeline'
WARNING: [RTGEN 206-101] Setting dangling out port 'maxpool_engine_Pipeline_RB_LOAD0/m_axi_RD_BUS_0_ARVALID' to 0.
WARNING: [RTGEN 206-101] Setting dangling out port 'maxpool_engine_Pipeline_RB_LOAD0/m_axi_RD_BUS_0_ARADDR' to 0.
WARNING: [RTGEN 206-101] Setting dangling out port 'maxpool_engine_Pipeline_RB_LOAD0/m_axi_RD_BUS_0_ARID' to 0.
WARNING: [RTGEN 206-101] Setting dangling out port 'maxpool_engine_Pipeline_RB_LOAD0/m_axi_RD_BUS_0_ARLEN' to 0.
WARNING: [RTGEN 206-101] Setting dangling out port 'maxpool_engine_Pipeline_RB_LOAD0/m_axi_RD_BUS_0_ARSIZE' to 0.
WARNING: [RTGEN 206-101] Setting dangling out port 'maxpool_engine_Pipeline_RB_LOAD0/m_axi_RD_BUS_0_ARBURST' to 0.
WARNING: [RTGEN 206-101] Setting dangling out port 'maxpool_engine_Pipeline_RB_LOAD0/m_axi_RD_BUS_0_ARLOCK' to 0.
WARNING: [RTGEN 206-101] Setting dangling out port 'maxpool_engine_Pipeline_RB_LOAD0/m_axi_RD_BUS_0_ARCACHE' to 0.
WARNING: [RTGEN 206-101] Setting dangling out port 'maxpool_engine_Pipeline_RB_LOAD0/m_axi_RD_BUS_0_ARPROT' to 0.
WARNING: [RTGEN 206-101] Setting dangling out port 'maxpool_engine_Pipeline_RB_LOAD0/m_axi_RD_BUS_0_ARQOS' to 0.
WARNING: [RTGEN 206-101] Setting dangling out port 'maxpool_engine_Pipeline_RB_LOAD0/m_axi_RD_BUS_0_ARREGION' to 0.
WARNING: [RTGEN 206-101] Setting dangling out port 'maxpool_engine_Pipeline_RB_LOAD0/m_axi_RD_BUS_0_ARUSER' to 0.
INFO: [RTGEN 206-100] Finished creating RTL model for 'maxpool_engine_Pipeline_RB_LOAD0'.
INFO: [HLS 200-111] Finished Creating RTL model: CPU user time: 0 seconds. CPU system time: 0 seconds. Elapsed time: 0.314 seconds; current allocated memory: 704.477 MB.
INFO: [HLS 200-10] ----------------------------------------------------------------
INFO: [HLS 200-10] -- Generating RTL for module 'maxpool_engine_Pipeline_RB_LOAD1' 
INFO: [HLS 200-10] ----------------------------------------------------------------
INFO: [HLS 200-1030] Apply Unified Pipeline Control on module 'maxpool_engine_Pipeline_RB_LOAD1' pipeline 'RB_LOAD1' pipeline type 'loop pipeline'
WARNING: [RTGEN 206-101] Setting dangling out port 'maxpool_engine_Pipeline_RB_LOAD1/m_axi_RD_BUS_0_ARVALID' to 0.
WARNING: [RTGEN 206-101] Setting dangling out port 'maxpool_engine_Pipeline_RB_LOAD1/m_axi_RD_BUS_0_ARADDR' to 0.
WARNING: [RTGEN 206-101] Setting dangling out port 'maxpool_engine_Pipeline_RB_LOAD1/m_axi_RD_BUS_0_ARID' to 0.
WARNING: [RTGEN 206-101] Setting dangling out port 'maxpool_engine_Pipeline_RB_LOAD1/m_axi_RD_BUS_0_ARLEN' to 0.
WARNING: [RTGEN 206-101] Setting dangling out port 'maxpool_engine_Pipeline_RB_LOAD1/m_axi_RD_BUS_0_ARSIZE' to 0.
WARNING: [RTGEN 206-101] Setting dangling out port 'maxpool_engine_Pipeline_RB_LOAD1/m_axi_RD_BUS_0_ARBURST' to 0.
WARNING: [RTGEN 206-101] Setting dangling out port 'maxpool_engine_Pipeline_RB_LOAD1/m_axi_RD_BUS_0_ARLOCK' to 0.
WARNING: [RTGEN 206-101] Setting dangling out port 'maxpool_engine_Pipeline_RB_LOAD1/m_axi_RD_BUS_0_ARCACHE' to 0.
WARNING: [RTGEN 206-101] Setting dangling out port 'maxpool_engine_Pipeline_RB_LOAD1/m_axi_RD_BUS_0_ARPROT' to 0.
WARNING: [RTGEN 206-101] Setting dangling out port 'maxpool_engine_Pipeline_RB_LOAD1/m_axi_RD_BUS_0_ARQOS' to 0.
WARNING: [RTGEN 206-101] Setting dangling out port 'maxpool_engine_Pipeline_RB_LOAD1/m_axi_RD_BUS_0_ARREGION' to 0.
WARNING: [RTGEN 206-101] Setting dangling out port 'maxpool_engine_Pipeline_RB_LOAD1/m_axi_RD_BUS_0_ARUSER' to 0.
INFO: [RTGEN 206-100] Finished creating RTL model for 'maxpool_engine_Pipeline_RB_LOAD1'.
INFO: [HLS 200-111] Finished Creating RTL model: CPU user time: 0 seconds. CPU system time: 0 seconds. Elapsed time: 0.31 seconds; current allocated memory: 705.008 MB.
INFO: [HLS 200-10] ----------------------------------------------------------------
INFO: [HLS 200-10] -- Generating RTL for module 'maxpool_engine_Pipeline_RB_COMPUTE' 
INFO: [HLS 200-10] ----------------------------------------------------------------
INFO: [HLS 200-1030] Apply Unified Pipeline Control on module 'maxpool_engine_Pipeline_RB_COMPUTE' pipeline 'RB_COMPUTE' pipeline type 'loop pipeline'
WARNING: [RTGEN 206-101] Setting dangling out port 'maxpool_engine_Pipeline_RB_COMPUTE/m_axi_WR_BUS_0_AWVALID' to 0.
WARNING: [RTGEN 206-101] Setting dangling out port 'maxpool_engine_Pipeline_RB_COMPUTE/m_axi_WR_BUS_0_AWADDR' to 0.
WARNING: [RTGEN 206-101] Setting dangling out port 'maxpool_engine_Pipeline_RB_COMPUTE/m_axi_WR_BUS_0_AWID' to 0.
WARNING: [RTGEN 206-101] Setting dangling out port 'maxpool_engine_Pipeline_RB_COMPUTE/m_axi_WR_BUS_0_AWLEN' to 0.
WARNING: [RTGEN 206-101] Setting dangling out port 'maxpool_engine_Pipeline_RB_COMPUTE/m_axi_WR_BUS_0_AWSIZE' to 0.
WARNING: [RTGEN 206-101] Setting dangling out port 'maxpool_engine_Pipeline_RB_COMPUTE/m_axi_WR_BUS_0_AWBURST' to 0.
WARNING: [RTGEN 206-101] Setting dangling out port 'maxpool_engine_Pipeline_RB_COMPUTE/m_axi_WR_BUS_0_AWLOCK' to 0.
WARNING: [RTGEN 206-101] Setting dangling out port 'maxpool_engine_Pipeline_RB_COMPUTE/m_axi_WR_BUS_0_AWCACHE' to 0.
WARNING: [RTGEN 206-101] Setting dangling out port 'maxpool_engine_Pipeline_RB_COMPUTE/m_axi_WR_BUS_0_AWPROT' to 0.
WARNING: [RTGEN 206-101] Setting dangling out port 'maxpool_engine_Pipeline_RB_COMPUTE/m_axi_WR_BUS_0_AWQOS' to 0.
WARNING: [RTGEN 206-101] Setting dangling out port 'maxpool_engine_Pipeline_RB_COMPUTE/m_axi_WR_BUS_0_AWREGION' to 0.
WARNING: [RTGEN 206-101] Setting dangling out port 'maxpool_engine_Pipeline_RB_COMPUTE/m_axi_WR_BUS_0_AWUSER' to 0.
WARNING: [RTGEN 206-101] Setting dangling out port 'maxpool_engine_Pipeline_RB_COMPUTE/m_axi_WR_BUS_0_BREADY' to 0.
INFO: [RTGEN 206-100] Finished creating RTL model for 'maxpool_engine_Pipeline_RB_COMPUTE'.
INFO: [HLS 200-111] Finished Creating RTL model: CPU user time: 1 seconds. CPU system time: 0 seconds. Elapsed time: 0.354 seconds; current allocated memory: 706.383 MB.
INFO: [HLS 200-10] ----------------------------------------------------------------
INFO: [HLS 200-10] -- Generating RTL for module 'maxpool_engine' 
INFO: [HLS 200-10] ----------------------------------------------------------------
WARNING: [RTGEN 206-101] Design contains AXI ports. Reset is fixed to synchronous and active low.
INFO: [RTGEN 206-500] Setting interface mode on port 'maxpool_engine/RD_BUS' to 'm_axi'.
INFO: [RTGEN 206-500] Setting interface mode on port 'maxpool_engine/WR_BUS' to 'm_axi'.
INFO: [RTGEN 206-500] Setting interface mode on port 'maxpool_engine/ifmap' to 's_axilite & ap_none'.
INFO: [RTGEN 206-500] Setting interface mode on port 'maxpool_engine/ofmap' to 's_axilite & ap_none'.
INFO: [RTGEN 206-500] Setting interface mode on port 'maxpool_engine/img_h' to 's_axilite & ap_none'.
INFO: [RTGEN 206-500] Setting interface mode on port 'maxpool_engine/img_w' to 's_axilite & ap_none'.
INFO: [RTGEN 206-500] Setting interface mode on port 'maxpool_engine/ch' to 's_axilite & ap_none'.
INFO: [RTGEN 206-500] Setting interface mode on port 'maxpool_engine/stride' to 's_axilite & ap_none'.
INFO: [RTGEN 206-500] Setting interface mode on port 'maxpool_engine/pad_right' to 's_axilite & ap_none'.
INFO: [RTGEN 206-500] Setting interface mode on port 'maxpool_engine/pad_bottom' to 's_axilite & ap_none'.
INFO: [RTGEN 206-500] Setting interface mode on function 'maxpool_engine' to 's_axilite & ap_ctrl_hs'.
INFO: [RTGEN 206-100] Bundling port 'ifmap', 'ofmap', 'img_h', 'img_w', 'ch', 'stride', 'pad_right', 'pad_bottom' to AXI-Lite port CTRL.
INFO: [RTGEN 206-100] Generating core module 'mul_14ns_16ns_30_1_1': 1 instance(s).
INFO: [RTGEN 206-100] Generating core module 'mul_19ns_14ns_46_1_1': 1 instance(s).
INFO: [RTGEN 206-100] Generating core module 'mul_19s_14ns_32_1_1': 1 instance(s).
INFO: [RTGEN 206-100] Generating core module 'mul_2ns_30ns_31_2_1': 1 instance(s).
INFO: [RTGEN 206-100] Generating core module 'mul_32s_14ns_32_2_1': 1 instance(s).
INFO: [RTGEN 206-100] Generating core module 'mul_32s_32s_32_2_1': 1 instance(s).
INFO: [RTGEN 206-100] Generating core module 'mul_32s_8ns_32_2_1': 1 instance(s).
INFO: [RTGEN 206-100] Generating core module 'udiv_32s_8ns_32_36_seq_1': 2 instance(s).
INFO: [RTGEN 206-100] Finished creating RTL model for 'maxpool_engine'.
INFO: [RTMG 210-278] Implementing memory 'maxpool_engine_row0_RAM_2P_BRAM_1R1W' using block RAMs.
INFO: [RTMG 210-278] Implementing memory 'maxpool_engine_maxval_RAM_AUTO_1R1W' using auto RAMs.
INFO: [HLS 200-111] Finished Creating RTL model: CPU user time: 0 seconds. CPU system time: 0 seconds. Elapsed time: 0.745 seconds; current allocated memory: 713.492 MB.
INFO: [HLS 200-111] Finished Generating all RTL models: CPU user time: 0 seconds. CPU system time: 0 seconds. Elapsed time: 1.137 seconds; current allocated memory: 720.109 MB.
INFO: [HLS 200-1603] Design has inferred MAXI bursts and missed bursts, see Vitis HLS GUI synthesis summary report for detailed information.
INFO: [HLS 200-111] Finished Updating report files: CPU user time: 1 seconds. CPU system time: 1 seconds. Elapsed time: 1.361 seconds; current allocated memory: 728.309 MB.
INFO: [VHDL 208-304] Generating VHDL RTL for maxpool_engine.
INFO: [VLOG 209-307] Generating Verilog RTL for maxpool_engine.
INFO: [HLS 200-790] **** Loop Constraint Status: All loop constraints were satisfied.
INFO: [HLS 200-789] **** Estimated Fmax: 135.32 MHz
INFO: [HLS 200-2161] Finished Command csynth_design Elapsed time: 00:00:18; Allocated memory: 119.723 MB.

==> DONE. Judge by the PASS markers above and by the exit code.
INFO: [HLS 200-1510] Running: close_project 
INFO: [HLS 200-112] Total CPU user time: 6 seconds. Total CPU system time: 3 seconds. Total elapsed time: 27.28 seconds; peak allocated memory: 728.348 MB.
