Copyright 1986-2022 Xilinx, Inc. All Rights Reserved. Copyright 2022-2024 Advanced Micro Devices, Inc. All Rights Reserved.
----------------------------------------------------------------------------------------------------------------------------------------------
| Tool Version : Vivado v.2024.2 (win64) Build 5239630 Fri Nov 08 22:35:27 MST 2024
| Date         : Wed Aug 19 10:13:19 2026
| Host         : DESKTOP-7CFQ9ND running 64-bit major release  (build 9200)
| Command      : report_timing_summary -file C:/Users/kccistc/Documents/final_project/hls/arty_96_classifier/system/timing_impl_arty96_v1.rpt
| Design       : cls_wrapper
| Device       : 7z020-clg400
| Speed File   : -1  PRODUCTION 1.12 2019-11-22
| Design State : Physopt postRoute
----------------------------------------------------------------------------------------------------------------------------------------------

Timing Summary Report

------------------------------------------------------------------------------------------------
| Timer Settings
| --------------
------------------------------------------------------------------------------------------------

  Enable Multi Corner Analysis               :  Yes
  Enable Pessimism Removal                   :  Yes
  Pessimism Removal Resolution               :  Nearest Common Node
  Enable Input Delay Default Clock           :  No
  Enable Preset / Clear Arcs                 :  No
  Disable Flight Delays                      :  No
  Ignore I/O Paths                           :  No
  Timing Early Launch at Borrowing Latches   :  No
  Borrow Time for Max Delay Exceptions       :  Yes
  Merge Timing Exceptions                    :  Yes
  Inter-SLR Compensation                     :  Conservative

  Corner  Analyze    Analyze    
  Name    Max Paths  Min Paths  
  ------  ---------  ---------  
  Slow    Yes        Yes        
  Fast    Yes        Yes        


------------------------------------------------------------------------------------------------
| Report Methodology
| ------------------
------------------------------------------------------------------------------------------------

Rule      Severity  Description                                  Violations  
--------  --------  -------------------------------------------  ----------  
ULMTCS-1  Warning   Control Sets use limits recommend reduction  1           

Note: This report is based on the most recent report_methodology run and may not be up-to-date. Run report_methodology on the current design for the latest report.



check_timing report

Table of Contents
-----------------
1. checking no_clock (0)
2. checking constant_clock (0)
3. checking pulse_width_clock (0)
4. checking unconstrained_internal_endpoints (0)
5. checking no_input_delay (0)
6. checking no_output_delay (0)
7. checking multiple_clock (0)
8. checking generated_clocks (0)
9. checking loops (0)
10. checking partial_input_delay (0)
11. checking partial_output_delay (0)
12. checking latch_loops (0)

1. checking no_clock (0)
------------------------
 There are 0 register/latch pins with no clock.


2. checking constant_clock (0)
------------------------------
 There are 0 register/latch pins with constant_clock.


3. checking pulse_width_clock (0)
---------------------------------
 There are 0 register/latch pins which need pulse_width check


4. checking unconstrained_internal_endpoints (0)
------------------------------------------------
 There are 0 pins that are not constrained for maximum delay.

 There are 0 pins that are not constrained for maximum delay due to constant clock.


5. checking no_input_delay (0)
------------------------------
 There are 0 input ports with no input delay specified.

 There are 0 input ports with no input delay but user has a false path constraint.


6. checking no_output_delay (0)
-------------------------------
 There are 0 ports with no output delay specified.

 There are 0 ports with no output delay but user has a false path constraint

 There are 0 ports with no output delay but with a timing clock defined on it or propagating through it


7. checking multiple_clock (0)
------------------------------
 There are 0 register/latch pins with multiple clocks.


8. checking generated_clocks (0)
--------------------------------
 There are 0 generated clocks that are not connected to a clock source.


9. checking loops (0)
---------------------
 There are 0 combinational loops in the design.


10. checking partial_input_delay (0)
------------------------------------
 There are 0 input ports with partial input delay specified.


11. checking partial_output_delay (0)
-------------------------------------
 There are 0 ports with partial output delay specified.


12. checking latch_loops (0)
----------------------------
 There are 0 combinational latch loops in the design through latch input



------------------------------------------------------------------------------------------------
| Design Timing Summary
| ---------------------
------------------------------------------------------------------------------------------------

    WNS(ns)      TNS(ns)  TNS Failing Endpoints  TNS Total Endpoints      WHS(ns)      THS(ns)  THS Failing Endpoints  THS Total Endpoints     WPWS(ns)     TPWS(ns)  TPWS Failing Endpoints  TPWS Total Endpoints  
    -------      -------  ---------------------  -------------------      -------      -------  ---------------------  -------------------     --------     --------  ----------------------  --------------------  
      0.197        0.000                      0               169318        0.013        0.000                      0               169318        3.750        0.000                       0                 52907  


All user specified timing constraints are met.


------------------------------------------------------------------------------------------------
| Clock Summary
| -------------
------------------------------------------------------------------------------------------------

Clock       Waveform(ns)       Period(ns)      Frequency(MHz)
-----       ------------       ----------      --------------
clk_fpga_0  {0.000 5.000}      10.000          100.000         


------------------------------------------------------------------------------------------------
| Intra Clock Table
| -----------------
------------------------------------------------------------------------------------------------

Clock             WNS(ns)      TNS(ns)  TNS Failing Endpoints  TNS Total Endpoints      WHS(ns)      THS(ns)  THS Failing Endpoints  THS Total Endpoints     WPWS(ns)     TPWS(ns)  TPWS Failing Endpoints  TPWS Total Endpoints  
-----             -------      -------  ---------------------  -------------------      -------      -------  ---------------------  -------------------     --------     --------  ----------------------  --------------------  
clk_fpga_0          0.197        0.000                      0               169318        0.013        0.000                      0               169318        3.750        0.000                       0                 52907  


------------------------------------------------------------------------------------------------
| Inter Clock Table
| -----------------
------------------------------------------------------------------------------------------------

From Clock    To Clock          WNS(ns)      TNS(ns)  TNS Failing Endpoints  TNS Total Endpoints      WHS(ns)      THS(ns)  THS Failing Endpoints  THS Total Endpoints  
----------    --------          -------      -------  ---------------------  -------------------      -------      -------  ---------------------  -------------------  


------------------------------------------------------------------------------------------------
| Other Path Groups Table
| -----------------------
------------------------------------------------------------------------------------------------

Path Group    From Clock    To Clock          WNS(ns)      TNS(ns)  TNS Failing Endpoints  TNS Total Endpoints      WHS(ns)      THS(ns)  THS Failing Endpoints  THS Total Endpoints  
----------    ----------    --------          -------      -------  ---------------------  -------------------      -------      -------  ---------------------  -------------------  


------------------------------------------------------------------------------------------------
| Timing Details
| --------------
------------------------------------------------------------------------------------------------


---------------------------------------------------------------------------------------------------
From Clock:  clk_fpga_0
  To Clock:  clk_fpga_0

Setup :            0  Failing Endpoints,  Worst Slack        0.197ns,  Total Violation        0.000ns
Hold  :            0  Failing Endpoints,  Worst Slack        0.013ns,  Total Violation        0.000ns
PW    :            0  Failing Endpoints,  Worst Slack        3.750ns,  Total Violation        0.000ns
---------------------------------------------------------------------------------------------------


Max Delay Paths
--------------------------------------------------------------------------------------
Slack (MET) :             0.197ns  (required time - arrival time)
  Source:                 cls_i/conv_engine_0/inst/grp_conv_engine_Pipeline_MAC_REDUCE_MAC_KY_MAC_KX_fu_2282/add_ln1061_1_reg_12356_reg[3]/C
                            (rising edge-triggered cell FDRE clocked by clk_fpga_0  {rise@0.000ns fall@5.000ns period=10.000ns})
  Destination:            cls_i/conv_engine_0/inst/grp_conv_engine_Pipeline_MAC_REDUCE_MAC_KY_MAC_KX_fu_2282/mul_24s_8s_32_3_1_U278/buff0_reg/A[1]
                            (rising edge-triggered cell DSP48E1 clocked by clk_fpga_0  {rise@0.000ns fall@5.000ns period=10.000ns})
  Path Group:             clk_fpga_0
  Path Type:              Setup (Max at Slow Process Corner)
  Requirement:            10.000ns  (clk_fpga_0 rise@10.000ns - clk_fpga_0 rise@0.000ns)
  Data Path Delay:        9.233ns  (logic 2.606ns (28.221%)  route 6.627ns (71.779%))
  Logic Levels:           8  (CARRY4=1 LUT3=1 LUT4=1 LUT5=1 LUT6=1 MUXF7=1 MUXF8=1 RAMS64E=1)
  Clock Path Skew:        -0.054ns (DCD - SCD + CPR)
    Destination Clock Delay (DCD):    2.833ns = ( 12.833 - 10.000 ) 
    Source Clock Delay      (SCD):    3.016ns
    Clock Pessimism Removal (CPR):    0.129ns
  Clock Uncertainty:      0.154ns  ((TSJ^2 + TIJ^2)^1/2 + DJ) / 2 + PE
    Total System Jitter     (TSJ):    0.071ns
    Total Input Jitter      (TIJ):    0.300ns
    Discrete Jitter          (DJ):    0.000ns
    Phase Error              (PE):    0.000ns

    Location             Delay type                Incr(ns)  Path(ns)    Netlist Resource(s)
  -------------------------------------------------------------------    -------------------
                         (clock clk_fpga_0 rise edge)
                                                      0.000     0.000 r  
    PS7_X0Y0             PS7                          0.000     0.000 r  cls_i/ps7_0/inst/PS7_i/FCLKCLK[0]
                         net (fo=1, routed)           1.193     1.193    cls_i/ps7_0/inst/FCLK_CLK_unbuffered[0]
    BUFGCTRL_X0Y16       BUFG (Prop_bufg_I_O)         0.101     1.294 r  cls_i/ps7_0/inst/buffer_fclk_clk_0.FCLK_CLK_0_BUFG/O
                         net (fo=52914, routed)       1.722     3.016    cls_i/conv_engine_0/inst/grp_conv_engine_Pipeline_MAC_REDUCE_MAC_KY_MAC_KX_fu_2282/ap_clk
    SLICE_X61Y32         FDRE                                         r  cls_i/conv_engine_0/inst/grp_conv_engine_Pipeline_MAC_REDUCE_MAC_KY_MAC_KX_fu_2282/add_ln1061_1_reg_12356_reg[3]/C
  -------------------------------------------------------------------    -------------------
    SLICE_X61Y32         FDRE (Prop_fdre_C_Q)         0.456     3.472 f  cls_i/conv_engine_0/inst/grp_conv_engine_Pipeline_MAC_REDUCE_MAC_KY_MAC_KX_fu_2282/add_ln1061_1_reg_12356_reg[3]/Q
                         net (fo=5, routed)           1.164     4.636    cls_i/conv_engine_0/inst/grp_conv_engine_Pipeline_MAC_REDUCE_MAC_KY_MAC_KX_fu_2282/shl_ln1061_1_fu_3232_p2[5]
    SLICE_X61Y29         LUT3 (Prop_lut3_I0_O)        0.149     4.785 r  cls_i/conv_engine_0/inst/grp_conv_engine_Pipeline_MAC_REDUCE_MAC_KY_MAC_KX_fu_2282/ram_reg_0_255_0_0_i_21/O
                         net (fo=2, routed)           0.594     5.379    cls_i/conv_engine_0/inst/grp_conv_engine_Pipeline_MAC_REDUCE_MAC_KY_MAC_KX_fu_2282/ram_reg_0_255_0_0_i_21_n_0
    SLICE_X61Y30         LUT4 (Prop_lut4_I3_O)        0.332     5.711 r  cls_i/conv_engine_0/inst/grp_conv_engine_Pipeline_MAC_REDUCE_MAC_KY_MAC_KX_fu_2282/ram_reg_0_255_0_0_i_25/O
                         net (fo=1, routed)           0.000     5.711    cls_i/conv_engine_0/inst/grp_conv_engine_Pipeline_MAC_REDUCE_MAC_KY_MAC_KX_fu_2282/ram_reg_0_255_0_0_i_25_n_0
    SLICE_X61Y30         CARRY4 (Prop_carry4_S[0]_O[0])
                                                      0.247     5.958 r  cls_i/conv_engine_0/inst/grp_conv_engine_Pipeline_MAC_REDUCE_MAC_KY_MAC_KX_fu_2282/ram_reg_0_255_0_0_i_13/O[0]
                         net (fo=64, routed)          1.908     7.867    cls_i/conv_engine_0/inst/grp_conv_engine_Pipeline_MAC_REDUCE_MAC_KY_MAC_KX_fu_2282/grp_conv_engine_Pipeline_MAC_REDUCE_MAC_KY_MAC_KX_fu_2282_p_ZZ11conv_enginePK7ap_uintILi32EES2_S2_PK6ap_intILi32EEPS3_ILi8EEtttthhhihhE12wt_36_address0[4]
    SLICE_X35Y37         LUT5 (Prop_lut5_I0_O)        0.325     8.192 r  cls_i/conv_engine_0/inst/grp_conv_engine_Pipeline_MAC_REDUCE_MAC_KY_MAC_KX_fu_2282/ram_reg_0_255_0_0_i_5__49/O
                         net (fo=80, routed)          1.118     9.310    cls_i/conv_engine_0/inst/p_ZZ11conv_enginePK7ap_uintILi32EES2_S2_PK6ap_intILi32EEPS3_ILi8EEtttthhhihhE12wt_21_U/ram_reg_0_255_1_1/A4
    SLICE_X36Y28         RAMS64E (Prop_rams64e_ADR4_O)
                                                      0.481     9.791 r  cls_i/conv_engine_0/inst/p_ZZ11conv_enginePK7ap_uintILi32EES2_S2_PK6ap_intILi32EEPS3_ILi8EEtttthhhihhE12wt_21_U/ram_reg_0_255_1_1/RAMS64E_B/O
                         net (fo=1, routed)           0.000     9.791    cls_i/conv_engine_0/inst/p_ZZ11conv_enginePK7ap_uintILi32EES2_S2_PK6ap_intILi32EEPS3_ILi8EEtttthhhihhE12wt_21_U/ram_reg_0_255_1_1/OB
    SLICE_X36Y28         MUXF7 (Prop_muxf7_I0_O)      0.209    10.000 r  cls_i/conv_engine_0/inst/p_ZZ11conv_enginePK7ap_uintILi32EES2_S2_PK6ap_intILi32EEPS3_ILi8EEtttthhhihhE12wt_21_U/ram_reg_0_255_1_1/F7.A/O
                         net (fo=1, routed)           0.000    10.000    cls_i/conv_engine_0/inst/p_ZZ11conv_enginePK7ap_uintILi32EES2_S2_PK6ap_intILi32EEPS3_ILi8EEtttthhhihhE12wt_21_U/ram_reg_0_255_1_1/O1
    SLICE_X36Y28         MUXF8 (Prop_muxf8_I1_O)      0.088    10.088 r  cls_i/conv_engine_0/inst/p_ZZ11conv_enginePK7ap_uintILi32EES2_S2_PK6ap_intILi32EEPS3_ILi8EEtttthhhihhE12wt_21_U/ram_reg_0_255_1_1/F8/O
                         net (fo=1, routed)           0.577    10.665    cls_i/conv_engine_0/inst/grp_conv_engine_Pipeline_MAC_REDUCE_MAC_KY_MAC_KX_fu_2282/mul_24s_8s_32_3_1_U278/buff0_reg_9
    SLICE_X35Y30         LUT6 (Prop_lut6_I5_O)        0.319    10.984 r  cls_i/conv_engine_0/inst/grp_conv_engine_Pipeline_MAC_REDUCE_MAC_KY_MAC_KX_fu_2282/mul_24s_8s_32_3_1_U278/buff0_reg_i_16__16/O
                         net (fo=1, routed)           1.265    12.249    cls_i/conv_engine_0/inst/grp_conv_engine_Pipeline_MAC_REDUCE_MAC_KY_MAC_KX_fu_2282/mul_24s_8s_32_3_1_U278/buff0_reg_i_16__16_n_0
    DSP48_X1Y10          DSP48E1                                      r  cls_i/conv_engine_0/inst/grp_conv_engine_Pipeline_MAC_REDUCE_MAC_KY_MAC_KX_fu_2282/mul_24s_8s_32_3_1_U278/buff0_reg/A[1]
  -------------------------------------------------------------------    -------------------

                         (clock clk_fpga_0 rise edge)
                                                     10.000    10.000 r  
    PS7_X0Y0             PS7                          0.000    10.000 r  cls_i/ps7_0/inst/PS7_i/FCLKCLK[0]
                         net (fo=1, routed)           1.088    11.088    cls_i/ps7_0/inst/FCLK_CLK_unbuffered[0]
    BUFGCTRL_X0Y16       BUFG (Prop_bufg_I_O)         0.091    11.179 r  cls_i/ps7_0/inst/buffer_fclk_clk_0.FCLK_CLK_0_BUFG/O
                         net (fo=52914, routed)       1.654    12.833    cls_i/conv_engine_0/inst/grp_conv_engine_Pipeline_MAC_REDUCE_MAC_KY_MAC_KX_fu_2282/mul_24s_8s_32_3_1_U278/ap_clk
    DSP48_X1Y10          DSP48E1                                      r  cls_i/conv_engine_0/inst/grp_conv_engine_Pipeline_MAC_REDUCE_MAC_KY_MAC_KX_fu_2282/mul_24s_8s_32_3_1_U278/buff0_reg/CLK
                         clock pessimism              0.129    12.962    
                         clock uncertainty           -0.154    12.808    
    DSP48_X1Y10          DSP48E1 (Setup_dsp48e1_CLK_A[1])
                                                     -0.362    12.446    cls_i/conv_engine_0/inst/grp_conv_engine_Pipeline_MAC_REDUCE_MAC_KY_MAC_KX_fu_2282/mul_24s_8s_32_3_1_U278/buff0_reg
  -------------------------------------------------------------------
                         required time                         12.446    
                         arrival time                         -12.249    
  -------------------------------------------------------------------
                         slack                                  0.197    





Min Delay Paths
--------------------------------------------------------------------------------------
Slack (MET) :             0.013ns  (arrival time - required time)
  Source:                 <hidden>
                            (rising edge-triggered cell FDRE clocked by clk_fpga_0  {rise@0.000ns fall@5.000ns period=10.000ns})
  Destination:            <hidden>
                            (rising edge-triggered cell FDRE clocked by clk_fpga_0  {rise@0.000ns fall@5.000ns period=10.000ns})
  Path Group:             clk_fpga_0
  Path Type:              Hold (Min at Fast Process Corner)
  Requirement:            0.000ns  (clk_fpga_0 rise@0.000ns - clk_fpga_0 rise@0.000ns)
  Data Path Delay:        0.384ns  (logic 0.186ns (48.483%)  route 0.198ns (51.517%))
  Logic Levels:           1  (LUT3=1)
  Clock Path Skew:        0.263ns (DCD - SCD - CPR)
    Destination Clock Delay (DCD):    1.219ns
    Source Clock Delay      (SCD):    0.926ns
    Clock Pessimism Removal (CPR):    0.030ns

    Location             Delay type                Incr(ns)  Path(ns)    Netlist Resource(s)
  -------------------------------------------------------------------    -------------------
                         (clock clk_fpga_0 rise edge)
                                                      0.000     0.000 r  
    PS7_X0Y0             PS7                          0.000     0.000 r  cls_i/ps7_0/inst/PS7_i/FCLKCLK[0]
                         net (fo=1, routed)           0.310     0.310    cls_i/ps7_0/inst/FCLK_CLK_unbuffered[0]
    BUFGCTRL_X0Y16       BUFG (Prop_bufg_I_O)         0.026     0.336 r  cls_i/ps7_0/inst/buffer_fclk_clk_0.FCLK_CLK_0_BUFG/O
                         net (fo=52914, routed)       0.590     0.926    <hidden>
    SLICE_X83Y48         FDRE                                         r  <hidden>
  -------------------------------------------------------------------    -------------------
    SLICE_X83Y48         FDRE (Prop_fdre_C_Q)         0.141     1.067 r  <hidden>
                         net (fo=1, routed)           0.198     1.264    <hidden>
    SLICE_X83Y50         LUT3 (Prop_lut3_I0_O)        0.045     1.309 r  <hidden>
                         net (fo=1, routed)           0.000     1.309    <hidden>
    SLICE_X83Y50         FDRE                                         r  <hidden>
  -------------------------------------------------------------------    -------------------

                         (clock clk_fpga_0 rise edge)
                                                      0.000     0.000 r  
    PS7_X0Y0             PS7                          0.000     0.000 r  cls_i/ps7_0/inst/PS7_i/FCLKCLK[0]
                         net (fo=1, routed)           0.337     0.337    cls_i/ps7_0/inst/FCLK_CLK_unbuffered[0]
    BUFGCTRL_X0Y16       BUFG (Prop_bufg_I_O)         0.029     0.366 r  cls_i/ps7_0/inst/buffer_fclk_clk_0.FCLK_CLK_0_BUFG/O
                         net (fo=52914, routed)       0.853     1.219    <hidden>
    SLICE_X83Y50         FDRE                                         r  <hidden>
                         clock pessimism             -0.030     1.189    
    SLICE_X83Y50         FDRE (Hold_fdre_C_D)         0.107     1.296    <hidden>
  -------------------------------------------------------------------
                         required time                         -1.296    
                         arrival time                           1.309    
  -------------------------------------------------------------------
                         slack                                  0.013    





Pulse Width Checks
--------------------------------------------------------------------------------------
Clock Name:         clk_fpga_0
Waveform(ns):       { 0.000 5.000 }
Period(ns):         10.000
Sources:            { cls_i/ps7_0/inst/PS7_i/FCLKCLK[0] }

Check Type        Corner  Lib Pin      Reference Pin  Required(ns)  Actual(ns)  Slack(ns)  Location      Pin
Min Period        n/a     DSP48E1/CLK  n/a            3.884         10.000      6.116      DSP48_X4Y17   cls_i/conv0_engine_0/inst/grp_conv0_engine_Pipeline_COL_GROUP_fu_2717/tmp_147_reg_13770_reg/CLK
Low Pulse Width   Slow    RAMS64E/CLK  n/a            1.250         5.000       3.750      SLICE_X26Y39  cls_i/conv_engine_0/inst/conv_engine_ap_uint_const_ap_uint_const_ap_uint_const_ap_int_const_ap_int_u_1_U/ram_reg_0_255_0_0/RAMS64E_A/CLK
High Pulse Width  Slow    RAMS64E/CLK  n/a            1.250         5.000       3.750      SLICE_X26Y39  cls_i/conv_engine_0/inst/conv_engine_ap_uint_const_ap_uint_const_ap_uint_const_ap_int_const_ap_int_u_1_U/ram_reg_0_255_0_0/RAMS64E_A/CLK



